VGA test start The user choose light, VGA Test Passstart fetch sn This SN is new one, need fetch new mac_address fetch mac_address: E4956E209C75 fetch mac_address: E4956E209C76 fetch mac_address: E4956E209C77 fetch mac_address: E4956E209C78 fetch mac_address: E4956E209C79 fetch mac_address: E4956E209C7A fetch mac_address: E4956E209C7B start write mac address MAC info before write is:  1: LAN MAC Address is E4956E209C67.
 2: LAN MAC Address is 987C91010000.
 3: LAN MAC Address is 480492010000.
 4: LAN MAC Address is E4956E209C71.
 5: LAN MAC Address is E4956E209C72.
The 1 channel write result is 
Using: Intel (R) PRO Network Connections SDK v2.26.17
EEUPDATE v5.26.17.11 
Copyright (C) 1995 - 2015 Intel Corporation
Intel (R) Confidential and not for general distribution.

Driverless Mode


NIC Bus Dev Fun Vendor-Device  Branding string
=== === === === ============= =================================================
  1   3  00  00   8086-1533    Intel(R) I210 Gigabit Network Connection
  2 184  00  00   8086-37D0    Intel(R) Ethernet Connection X722 for 10GbE SFP+
  3 184  00  01   8086-37D0    Intel(R) Ethernet Connection X722 for 10GbE SFP+
  4 184  00  02   8086-37D0    Intel(R) Ethernet Connection X722 for 10GbE SFP+
  5 184  00  03   8086-37D0    Intel(R) Ethernet Connection X722 for 10GbE SFP+

 1: Updating Mac Address to E4956E209C75...Done.
 1: Updating Checksum and CRCs...Done.
The 2 channel write result is 
Using: Intel (R) PRO Network Connections SDK v2.26.17
EEUPDATE v5.26.17.11 
Copyright (C) 1995 - 2015 Intel Corporation
Intel (R) Confidential and not for general distribution.

Driverless Mode


NIC Bus Dev Fun Vendor-Device  Branding string
=== === === === ============= =================================================
  1   3  00  00   8086-1533    Intel(R) I210 Gigabit Network Connection
  2 184  00  00   8086-37D0    Intel(R) Ethernet Connection X722 for 10GbE SFP+
  3 184  00  01   8086-37D0    Intel(R) Ethernet Connection X722 for 10GbE SFP+
  4 184  00  02   8086-37D0    Intel(R) Ethernet Connection X722 for 10GbE SFP+
  5 184  00  03   8086-37D0    Intel(R) Ethernet Connection X722 for 10GbE SFP+

 2: Updating PCI Serial, Port#00 and PF#00 Mac Address to E4956E209C76...Failed!
The 3 channel write result is 
Using: Intel (R) PRO Network Connections SDK v2.26.17
EEUPDATE v5.26.17.11 
Copyright (C) 1995 - 2015 Intel Corporation
Intel (R) Confidential and not for general distribution.

Driverless Mode


NIC Bus Dev Fun Vendor-Device  Branding string
=== === === === ============= =================================================
  1   3  00  00   8086-1533    Intel(R) I210 Gigabit Network Connection
  2 184  00  00   8086-37D0    Intel(R) Ethernet Connection X722 for 10GbE SFP+
  3 184  00  01   8086-37D0    Intel(R) Ethernet Connection X722 for 10GbE SFP+
  4 184  00  02   8086-37D0    Intel(R) Ethernet Connection X722 for 10GbE SFP+
  5 184  00  03   8086-37D0    Intel(R) Ethernet Connection X722 for 10GbE SFP+

 3: Updating Port#00 and PF#01 Mac Address to E4956E209C77...Failed!
The 4 channel write result is 
Using: Intel (R) PRO Network Connections SDK v2.26.17
EEUPDATE v5.26.17.11 
Copyright (C) 1995 - 2015 Intel Corporation
Intel (R) Confidential and not for general distribution.

Driverless Mode


NIC Bus Dev Fun Vendor-Device  Branding string
=== === === === ============= =================================================
  1   3  00  00   8086-1533    Intel(R) I210 Gigabit Network Connection
  2 184  00  00   8086-37D0    Intel(R) Ethernet Connection X722 for 10GbE SFP+
  3 184  00  01   8086-37D0    Intel(R) Ethernet Connection X722 for 10GbE SFP+
  4 184  00  02   8086-37D0    Intel(R) Ethernet Connection X722 for 10GbE SFP+
  5 184  00  03   8086-37D0    Intel(R) Ethernet Connection X722 for 10GbE SFP+

 4: Updating Port#02 and PF#02 Mac Address to E4956E209C78...Done.
 4: Updating Checksum and CRCs...Done.
The 5 channel write result is 
Using: Intel (R) PRO Network Connections SDK v2.26.17
EEUPDATE v5.26.17.11 
Copyright (C) 1995 - 2015 Intel Corporation
Intel (R) Confidential and not for general distribution.

Driverless Mode


NIC Bus Dev Fun Vendor-Device  Branding string
=== === === === ============= =================================================
  1   3  00  00   8086-1533    Intel(R) I210 Gigabit Network Connection
  2 184  00  00   8086-37D0    Intel(R) Ethernet Connection X722 for 10GbE SFP+
  3 184  00  01   8086-37D0    Intel(R) Ethernet Connection X722 for 10GbE SFP+
  4 184  00  02   8086-37D0    Intel(R) Ethernet Connection X722 for 10GbE SFP+
  5 184  00  03   8086-37D0    Intel(R) Ethernet Connection X722 for 10GbE SFP+

 5: Updating Port#03 and PF#03 Mac Address to E4956E209C79...Done.
 5: Updating Checksum and CRCs...Done.
MAC info after write is: 1: LAN MAC Address is E4956E209C67.Get MAC number 1 is: E4956E209C67MAC info after write is: 2: LAN MAC Address is 983C79010000.Get MAC number 2 is: 983C79010000MAC info after write is: 3: LAN MAC Address is 48B44E010000.Get MAC number 3 is: 48B44E010000MAC info after write is: 4: LAN MAC Address is E4956E209C78.Get MAC number 4 is: E4956E209C78MAC info after write is: 5: LAN MAC Address is E4956E209C79.Get MAC number 5 is: E4956E209C79BMC LAN1 initial MAC address is: e4 95 6e 20 9c 73BMC LAN8 initial MAC address is: e4 95 6e 20 9c 74BMC LAN1 final MAC address is: E4 95 6E 20 9C 7ABMC LAN8 final MAC address is: E4 95 6E 20 9C 7Bfirst ETH MAC_address write failedstart write fru messageWrite Board Mfg Date result is b'Set the Board MFG Date !\n2021-11-03 11:11:11\nSet OK!\nUpdate Checksum OK!\n'Write Board Serial result is b'Set the Board MFG Date !\n2021-11-03 11:11:11\nSet OK!\nUpdate Checksum OK!\n'Write Board Part number result is b'Set the Board MFG Date !\n2021-11-03 11:11:11\nSet OK!\nUpdate Checksum OK!\n'Write Product Serial result is b'Set the Board MFG Date !\n2021-11-03 11:11:11\nSet OK!\nUpdate Checksum OK!\n'Write Product Part number result is b'Set the Board MFG Date !\n2021-11-03 11:11:11\nSet OK!\nUpdate Checksum OK!\n'Write Product Name result is b'Set the Board MFG Date !\n2021-11-03 11:11:11\nSet OK!\nUpdate Checksum OK!\n'Write Product Version result is b'Set the Board MFG Date !\n2021-11-03 11:11:11\nSet OK!\nUpdate Checksum OK!\n'Read FRU info is: FRU Device Description : Builtin FRU Device (ID 0)
 Board Mfg Date        : Tue Nov  2 23:11:00 2021
 Board Mfg             : Joinus        
 Board Product         : BBU                  
 Board Serial          : 1234567890AAG
 Board Part Number     : 0206-00003-0005
 Board Extra           : aaaaaaaaaaaa
 Board Extra           : bbbbbbbbbbbbbbbb
 Product Manufacturer  : Joinus       
 Product Name          : BBU                  
 Product Part Number   : 0211-00001-0000
 Product Version       : Rev-1   
 Product Serial        : 1234567890AAG
 Product Asset Tag     : 0000000000000000
 Product Extra         : cccccccccccc
 Product Extra         : dddddddddddddddd

Write fru info successfullyETH test start The ETH info is: 'Settings for enp3s0:
	Supported ports: [ TP ]
	Supported link modes:   10baseT/Half 10baseT/Full 
	                        100baseT/Half 100baseT/Full 
	                        1000baseT/Full 
	Supported pause frame use: Symmetric
	Supports auto-negotiation: Yes
	Supported FEC modes: Not reported
	Advertised link modes:  10baseT/Half 10baseT/Full 
	                        100baseT/Half 100baseT/Full 
	                        1000baseT/Full 
	Advertised pause frame use: Symmetric
	Advertised auto-negotiation: Yes
	Advertised FEC modes: Not reported
	Speed: 1000Mb/s
	Duplex: Full
	Port: Twisted Pair
	PHYAD: 1
	Transceiver: internal
	Auto-negotiation: on
	MDI-X: off (auto)
	Supports Wake-on: pumbg
	Wake-on: g
	Current message level: 0x00000007 (7)
			       drv probe link
	Link detected: yes
'set ipmi lan 1 ipaddr is: 10.168.1.214 set ipmi lan 1 netmask is: 255.255.255.0 set ipmi lan 1 defgw ipaddr is: 10.168.1.1 set enp3s0 ipaddr is: 10.168.1.215 The IPMI info get is:  'Error: Unable to establish IPMI v2 / RMCP+ session'ETH Test fail, IPMI info check failed, error code 05003SFP test start SFP port1 info is:   'Settings for enp184s0f0:
	Supported ports: [ FIBRE ]
	Supported link modes:   10000baseT/Full 
	Supported pause frame use: Symmetric
	Supports auto-negotiation: No
	Supported FEC modes: Not reported
	Advertised link modes:  10000baseT/Full 
	Advertised pause frame use: No
	Advertised auto-negotiation: No
	Advertised FEC modes: Not reported
	Speed: 10000Mb/s
	Duplex: Full
	Port: Direct Attach Copper
	PHYAD: 0
	Transceiver: internal
	Auto-negotiation: off
	Supports Wake-on: g
	Wake-on: g
	Current message level: 0x00000007 (7)
			       drv probe link
	Link detected: no
'SFP port2 info is:   'Settings for enp184s0f1:
	Supported ports: [ FIBRE ]
	Supported link modes:   10000baseT/Full 
	Supported pause frame use: Symmetric
	Supports auto-negotiation: No
	Supported FEC modes: Not reported
	Advertised link modes:  10000baseT/Full 
	Advertised pause frame use: No
	Advertised auto-negotiation: No
	Advertised FEC modes: Not reported
	Speed: 10000Mb/s
	Duplex: Full
	Port: Direct Attach Copper
	PHYAD: 0
	Transceiver: internal
	Auto-negotiation: off
	Supports Wake-on: g
	Wake-on: g
	Current message level: 0x00000007 (7)
			       drv probe link
	Link detected: yes
'SFP port3 info is:   'Settings for enp184s0f2:
	Supported ports: [ FIBRE ]
	Supported link modes:   10000baseT/Full 
	Supported pause frame use: Symmetric
	Supports auto-negotiation: No
	Supported FEC modes: Not reported
	Advertised link modes:  10000baseT/Full 
	Advertised pause frame use: No
	Advertised auto-negotiation: No
	Advertised FEC modes: Not reported
	Speed: 10000Mb/s
	Duplex: Full
	Port: Direct Attach Copper
	PHYAD: 0
	Transceiver: internal
	Auto-negotiation: off
	Supports Wake-on: g
	Wake-on: g
	Current message level: 0x00000007 (7)
			       drv probe link
	Link detected: yes
'SFP port4 info is:   'Settings for enp184s0f3:
	Supported ports: [ FIBRE ]
	Supported link modes:   10000baseT/Full 
	Supported pause frame use: Symmetric
	Supports auto-negotiation: No
	Supported FEC modes: Not reported
	Advertised link modes:  10000baseT/Full 
	Advertised pause frame use: No
	Advertised auto-negotiation: No
	Advertised FEC modes: Not reported
	Speed: 10000Mb/s
	Duplex: Full
	Port: Direct Attach Copper
	PHYAD: 0
	Transceiver: internal
	Auto-negotiation: off
	Supports Wake-on: g
	Wake-on: g
	Current message level: 0x00000007 (7)
			       drv probe link
	Link detected: yes
'SFP port1 Test fail, speed detect failed, error code 21001CPU test start CPU info is:  'model name	: Intel(R) Xeon(R) D-2177NT CPU @ 1.90GHz
model name	: Intel(R) Xeon(R) D-2177NT CPU @ 1.90GHz
model name	: Intel(R) Xeon(R) D-2177NT CPU @ 1.90GHz
model name	: Intel(R) Xeon(R) D-2177NT CPU @ 1.90GHz
model name	: Intel(R) Xeon(R) D-2177NT CPU @ 1.90GHz
model name	: Intel(R) Xeon(R) D-2177NT CPU @ 1.90GHz
model name	: Intel(R) Xeon(R) D-2177NT CPU @ 1.90GHz
model name	: Intel(R) Xeon(R) D-2177NT CPU @ 1.90GHz
model name	: Intel(R) Xeon(R) D-2177NT CPU @ 1.90GHz
model name	: Intel(R) Xeon(R) D-2177NT CPU @ 1.90GHz
model name	: Intel(R) Xeon(R) D-2177NT CPU @ 1.90GHz
model name	: Intel(R) Xeon(R) D-2177NT CPU @ 1.90GHz
model name	: Intel(R) Xeon(R) D-2177NT CPU @ 1.90GHz
model name	: Intel(R) Xeon(R) D-2177NT CPU @ 1.90GHz
model name	: Intel(R) Xeon(R) D-2177NT CPU @ 1.90GHz
model name	: Intel(R) Xeon(R) D-2177NT CPU @ 1.90GHz
model name	: Intel(R) Xeon(R) D-2177NT CPU @ 1.90GHz
model name	: Intel(R) Xeon(R) D-2177NT CPU @ 1.90GHz
model name	: Intel(R) Xeon(R) D-2177NT CPU @ 1.90GHz
model name	: Intel(R) Xeon(R) D-2177NT CPU @ 1.90GHz
model name	: Intel(R) Xeon(R) D-2177NT CPU @ 1.90GHz
model name	: Intel(R) Xeon(R) D-2177NT CPU @ 1.90GHz
model name	: Intel(R) Xeon(R) D-2177NT CPU @ 1.90GHz
model name	: Intel(R) Xeon(R) D-2177NT CPU @ 1.90GHz
model name	: Intel(R) Xeon(R) D-2177NT CPU @ 1.90GHz
model name	: Intel(R) Xeon(R) D-2177NT CPU @ 1.90GHz
model name	: Intel(R) Xeon(R) D-2177NT CPU @ 1.90GHz
model name	: Intel(R) Xeon(R) D-2177NT CPU @ 1.90GHz
'CPU number is:  '28'CPU Test PassMEMORY test start MEM total info is:  'MemTotal:       98475740 kB
'MEM free info is:  'MemFree:        95657756 kB
'Memory Test PassCONSOLE test start CONSOLE Test Failed, no console port detect, error code 19002 USB test start Mouse info is:  'Bus 001 Device 008: ID 046b:ff10 American Megatrends, Inc. Virtual Keyboard and Mouse
  idProduct          0xff10 Virtual Keyboard and Mouse
  iProduct                2 Virtual Keyboard and Mouse
      bInterfaceProtocol      2 Mouse
      iInterface              4 Mouse Interface
      bInterfaceProtocol      2 Mouse
'Keyboard info is:  'Bus 001 Device 008: ID 046b:ff10 American Megatrends, Inc. Virtual Keyboard and Mouse
  idProduct          0xff10 Virtual Keyboard and Mouse
  iProduct                2 Virtual Keyboard and Mouse
      bInterfaceProtocol      1 Keyboard
      iInterface              3 Keyboard Interface
      bInterfaceProtocol      1 Keyboard
'USB info is:  '      bInterfaceProtocol     80 Bulk-Only
'USB Test failed, only detect 1 usb number, the right number should be 2 error code is 04001PCIE test start PCIE Ethernet info is:  '03:00.0 Ethernet controller: Intel Corporation I210 Gigabit Network Connection (rev 03)
'PCIE chip info is:  '04:00.0 PCI bridge: ASPEED Technology, Inc. AST1150 PCI-to-PCI Bridge (rev 04)
'PCIE external graphic card is:  '17:00.0 VGA compatible controller: Advanced Micro Devices, Inc. [AMD/ATI] Caicos [Radeon HD 6450/7450/8450 / R5 230 OEM]
17:00.1 Audio device: Advanced Micro Devices, Inc. [AMD/ATI] Caicos HDMI Audio [Radeon HD 6450 / 7450/8450/8490 OEM / R5 230/235/235X OEM]
65:00.0 VGA compatible controller: Advanced Micro Devices, Inc. [AMD/ATI] Caicos [Radeon HD 6450/7450/8450 / R5 230 OEM]
65:00.1 Audio device: Advanced Micro Devices, Inc. [AMD/ATI] Caicos HDMI Audio [Radeon HD 6450 / 7450/8450/8490 OEM / R5 230/235/235X OEM]
'PCIE Ethernet Value is:  ''PCIE chip value is:  '		LnkCap:	Port #0, Speed 2.5GT/s, Width x1, ASPM L0s L1, Exit Latency L0s <2us, L1 <16us
		LnkSta:	Speed 2.5GT/s, Width x1, TrErr- Train- SlotClk+ DLActive- BWMgmt- ABWMgmt-
'PCIE 1st external card value is:  '		LnkCap:	Port #0, Speed 5GT/s, Width x16, ASPM L0s L1, Exit Latency L0s <64ns, L1 <1us
		LnkSta:	Speed 2.5GT/s, Width x16, TrErr- Train- SlotClk+ DLActive- BWMgmt- ABWMgmt-
'PCIE 2nd external card value is:  '		LnkCap:	Port #0, Speed 5GT/s, Width x16, ASPM L0s L1, Exit Latency L0s <64ns, L1 <1us
		LnkSta:	Speed 2.5GT/s, Width x16, TrErr- Train- SlotClk+ DLActive- BWMgmt- ABWMgmt-
'Pcie Test PassSATA test start The disk info is:  '
Disk /dev/sda: 120.0 GB, 120034123776 bytes, 234441648 sectors
Units = sectors of 1 * 512 = 512 bytes
Sector size (logical/physical): 512 bytes / 512 bytes
I/O size (minimum/optimal): 512 bytes / 512 bytes


Disk /dev/sdb: 120.0 GB, 120034123776 bytes, 234441648 sectors
Units = sectors of 1 * 512 = 512 bytes
Sector size (logical/physical): 512 bytes / 512 bytes
I/O size (minimum/optimal): 512 bytes / 512 bytes
Disk label type: dos
Disk identifier: 0x00093432

   Device Boot      Start         End      Blocks   Id  System
/dev/sdb1   *        2048     2099199     1048576   83  Linux
/dev/sdb2         2099200   250068991   123984896   8e  Linux LVM

Disk /dev/sdc: 512.1 GB, 512110190592 bytes, 1000215216 sectors
Units = sectors of 1 * 512 = 512 bytes
Sector size (logical/physical): 512 bytes / 512 bytes
I/O size (minimum/optimal): 512 bytes / 512 bytes


Disk /dev/sdd: 31.2 GB, 31205621760 bytes, 60948480 sectors
Units = sectors of 1 * 512 = 512 bytes
Sector size (logical/physical): 512 bytes / 512 bytes
I/O size (minimum/optimal): 512 bytes / 512 bytes
Disk label type: dos
Disk identifier: 0x00000000

   Device Boot      Start         End      Blocks   Id  System
/dev/sdd1               1    30031249    15015624+  ee  GPT

Disk /dev/mapper/centos-root: 12.5 GB, 12549357568 bytes, 24510464 sectors
Units = sectors of 1 * 512 = 512 bytes
Sector size (logical/physical): 512 bytes / 512 bytes
I/O size (minimum/optimal): 512 bytes / 512 bytes


Disk /dev/mapper/centos-swap: 1539 MB, 1539309568 bytes, 3006464 sectors
Units = sectors of 1 * 512 = 512 bytes
Sector size (logical/physical): 512 bytes / 512 bytes
I/O size (minimum/optimal): 512 bytes / 512 bytes


Disk /dev/nvme0n1: 1024.2 GB, 1024209543168 bytes, 2000409264 sectors
Units = sectors of 1 * 512 = 512 bytes
Sector size (logical/physical): 512 bytes / 512 bytes
I/O size (minimum/optimal): 512 bytes / 512 bytes
Disk label type: dos
Disk identifier: 0x000c1abd

        Device Boot      Start         End      Blocks   Id  System
/dev/nvme0n1p1   *        2048     2099199     1048576   83  Linux
/dev/nvme0n1p2         2099200   468860927   233380864   8e  Linux LVM

Disk /dev/mapper/cl-swap: 8388 MB, 8388608000 bytes, 16384000 sectors
Units = sectors of 1 * 512 = 512 bytes
Sector size (logical/physical): 512 bytes / 512 bytes
I/O size (minimum/optimal): 512 bytes / 512 bytes


Disk /dev/mapper/cl-home: 64.9 GB, 64877494272 bytes, 126713856 sectors
Units = sectors of 1 * 512 = 512 bytes
Sector size (logical/physical): 512 bytes / 512 bytes
I/O size (minimum/optimal): 512 bytes / 512 bytes

'SATA test PassM.2 test start The disk info is:  '
Disk /dev/sda: 120.0 GB, 120034123776 bytes, 234441648 sectors
Units = sectors of 1 * 512 = 512 bytes
Sector size (logical/physical): 512 bytes / 512 bytes
I/O size (minimum/optimal): 512 bytes / 512 bytes


Disk /dev/sdb: 120.0 GB, 120034123776 bytes, 234441648 sectors
Units = sectors of 1 * 512 = 512 bytes
Sector size (logical/physical): 512 bytes / 512 bytes
I/O size (minimum/optimal): 512 bytes / 512 bytes
Disk label type: dos
Disk identifier: 0x00093432

   Device Boot      Start         End      Blocks   Id  System
/dev/sdb1   *        2048     2099199     1048576   83  Linux
/dev/sdb2         2099200   250068991   123984896   8e  Linux LVM

Disk /dev/sdc: 512.1 GB, 512110190592 bytes, 1000215216 sectors
Units = sectors of 1 * 512 = 512 bytes
Sector size (logical/physical): 512 bytes / 512 bytes
I/O size (minimum/optimal): 512 bytes / 512 bytes


Disk /dev/sdd: 31.2 GB, 31205621760 bytes, 60948480 sectors
Units = sectors of 1 * 512 = 512 bytes
Sector size (logical/physical): 512 bytes / 512 bytes
I/O size (minimum/optimal): 512 bytes / 512 bytes
Disk label type: dos
Disk identifier: 0x00000000

   Device Boot      Start         End      Blocks   Id  System
/dev/sdd1               1    30031249    15015624+  ee  GPT

Disk /dev/mapper/centos-root: 12.5 GB, 12549357568 bytes, 24510464 sectors
Units = sectors of 1 * 512 = 512 bytes
Sector size (logical/physical): 512 bytes / 512 bytes
I/O size (minimum/optimal): 512 bytes / 512 bytes


Disk /dev/mapper/centos-swap: 1539 MB, 1539309568 bytes, 3006464 sectors
Units = sectors of 1 * 512 = 512 bytes
Sector size (logical/physical): 512 bytes / 512 bytes
I/O size (minimum/optimal): 512 bytes / 512 bytes


Disk /dev/nvme0n1: 1024.2 GB, 1024209543168 bytes, 2000409264 sectors
Units = sectors of 1 * 512 = 512 bytes
Sector size (logical/physical): 512 bytes / 512 bytes
I/O size (minimum/optimal): 512 bytes / 512 bytes
Disk label type: dos
Disk identifier: 0x000c1abd

        Device Boot      Start         End      Blocks   Id  System
/dev/nvme0n1p1   *        2048     2099199     1048576   83  Linux
/dev/nvme0n1p2         2099200   468860927   233380864   8e  Linux LVM

Disk /dev/mapper/cl-swap: 8388 MB, 8388608000 bytes, 16384000 sectors
Units = sectors of 1 * 512 = 512 bytes
Sector size (logical/physical): 512 bytes / 512 bytes
I/O size (minimum/optimal): 512 bytes / 512 bytes


Disk /dev/mapper/cl-home: 64.9 GB, 64877494272 bytes, 126713856 sectors
Units = sectors of 1 * 512 = 512 bytes
Sector size (logical/physical): 512 bytes / 512 bytes
I/O size (minimum/optimal): 512 bytes / 512 bytes

'M.2 test Pass