VGA test start The user choose light, VGA Test Passstart fetch sn This SN is new one, need fetch new mac_address fetch mac_address: E4956E209C6E fetch mac_address: E4956E209C6F fetch mac_address: E4956E209C70 fetch mac_address: E4956E209C71 fetch mac_address: E4956E209C72 fetch mac_address: E4956E209C73 fetch mac_address: E4956E209C74 start write mac address MAC info before write is:  1: LAN MAC Address is E4956E209C67.
 2: LAN MAC Address is E4956E209C61.
 3: LAN MAC Address is E4956E209C62.
 4: LAN MAC Address is E4956E209C6A.
 5: LAN MAC Address is E4956E209C6B.
The 1 channel write result is 
Using: Intel (R) PRO Network Connections SDK v2.26.17
EEUPDATE v5.26.17.11 
Copyright (C) 1995 - 2015 Intel Corporation
Intel (R) Confidential and not for general distribution.

Driverless Mode


NIC Bus Dev Fun Vendor-Device  Branding string
=== === === === ============= =================================================
  1   3  00  00   8086-1533    Intel(R) I210 Gigabit Network Connection
  2 184  00  00   8086-37D0    Intel(R) Ethernet Connection X722 for 10GbE SFP+
  3 184  00  01   8086-37D0    Intel(R) Ethernet Connection X722 for 10GbE SFP+
  4 184  00  02   8086-37D0    Intel(R) Ethernet Connection X722 for 10GbE SFP+
  5 184  00  03   8086-37D0    Intel(R) Ethernet Connection X722 for 10GbE SFP+

 1: Updating Mac Address to E4956E209C6E...Done.
 1: Updating Checksum and CRCs...Done.
The 2 channel write result is 
Using: Intel (R) PRO Network Connections SDK v2.26.17
EEUPDATE v5.26.17.11 
Copyright (C) 1995 - 2015 Intel Corporation
Intel (R) Confidential and not for general distribution.

Driverless Mode


NIC Bus Dev Fun Vendor-Device  Branding string
=== === === === ============= =================================================
  1   3  00  00   8086-1533    Intel(R) I210 Gigabit Network Connection
  2 184  00  00   8086-37D0    Intel(R) Ethernet Connection X722 for 10GbE SFP+
  3 184  00  01   8086-37D0    Intel(R) Ethernet Connection X722 for 10GbE SFP+
  4 184  00  02   8086-37D0    Intel(R) Ethernet Connection X722 for 10GbE SFP+
  5 184  00  03   8086-37D0    Intel(R) Ethernet Connection X722 for 10GbE SFP+

 2: Updating PCI Serial, Port#00 and PF#00 Mac Address to E4956E209C6F...Done.
 2: Updating Checksum and CRCs...Done.
The 3 channel write result is 
Using: Intel (R) PRO Network Connections SDK v2.26.17
EEUPDATE v5.26.17.11 
Copyright (C) 1995 - 2015 Intel Corporation
Intel (R) Confidential and not for general distribution.

Driverless Mode


NIC Bus Dev Fun Vendor-Device  Branding string
=== === === === ============= =================================================
  1   3  00  00   8086-1533    Intel(R) I210 Gigabit Network Connection
  2 184  00  00   8086-37D0    Intel(R) Ethernet Connection X722 for 10GbE SFP+
  3 184  00  01   8086-37D0    Intel(R) Ethernet Connection X722 for 10GbE SFP+
  4 184  00  02   8086-37D0    Intel(R) Ethernet Connection X722 for 10GbE SFP+
  5 184  00  03   8086-37D0    Intel(R) Ethernet Connection X722 for 10GbE SFP+

 3: Updating Port#01 and PF#01 Mac Address to E4956E209C70...Done.
 3: Updating Checksum and CRCs...Done.
The 4 channel write result is 
Using: Intel (R) PRO Network Connections SDK v2.26.17
EEUPDATE v5.26.17.11 
Copyright (C) 1995 - 2015 Intel Corporation
Intel (R) Confidential and not for general distribution.

Driverless Mode


NIC Bus Dev Fun Vendor-Device  Branding string
=== === === === ============= =================================================
  1   3  00  00   8086-1533    Intel(R) I210 Gigabit Network Connection
  2 184  00  00   8086-37D0    Intel(R) Ethernet Connection X722 for 10GbE SFP+
  3 184  00  01   8086-37D0    Intel(R) Ethernet Connection X722 for 10GbE SFP+
  4 184  00  02   8086-37D0    Intel(R) Ethernet Connection X722 for 10GbE SFP+
  5 184  00  03   8086-37D0    Intel(R) Ethernet Connection X722 for 10GbE SFP+

 4: Updating Port#02 and PF#02 Mac Address to E4956E209C71...Done.
 4: Updating Checksum and CRCs...Done.
The 5 channel write result is 
Using: Intel (R) PRO Network Connections SDK v2.26.17
EEUPDATE v5.26.17.11 
Copyright (C) 1995 - 2015 Intel Corporation
Intel (R) Confidential and not for general distribution.

Driverless Mode


NIC Bus Dev Fun Vendor-Device  Branding string
=== === === === ============= =================================================
  1   3  00  00   8086-1533    Intel(R) I210 Gigabit Network Connection
  2 184  00  00   8086-37D0    Intel(R) Ethernet Connection X722 for 10GbE SFP+
  3 184  00  01   8086-37D0    Intel(R) Ethernet Connection X722 for 10GbE SFP+
  4 184  00  02   8086-37D0    Intel(R) Ethernet Connection X722 for 10GbE SFP+
  5 184  00  03   8086-37D0    Intel(R) Ethernet Connection X722 for 10GbE SFP+

 5: Updating Port#03 and PF#03 Mac Address to E4956E209C72...Done.
 5: Updating Checksum and CRCs...Done.
MAC info after write is: 1: LAN MAC Address is E4956E209C67.Get MAC number 1 is: E4956E209C67MAC info after write is: 2: LAN MAC Address is E4956E209C6F.Get MAC number 2 is: E4956E209C6FMAC info after write is: 3: LAN MAC Address is E4956E209C70.Get MAC number 3 is: E4956E209C70MAC info after write is: 4: LAN MAC Address is E4956E209C71.Get MAC number 4 is: E4956E209C71MAC info after write is: 5: LAN MAC Address is E4956E209C72.Get MAC number 5 is: E4956E209C72BMC LAN1 initial MAC address is: e4 95 6e 20 9c 6cBMC LAN8 initial MAC address is: e4 95 6e 20 9c 6dBMC LAN1 final MAC address is: E4 95 6E 20 9C 73BMC LAN8 final MAC address is: E4 95 6E 20 9C 74first ETH MAC_address write failedstart write fru messageWrite Board Mfg Date result is b'Set the Board MFG Date !\n2021-11-03 11:11:11\nSet OK!\nUpdate Checksum OK!\n'Write Board Serial result is b'Set the Board MFG Date !\n2021-11-03 11:11:11\nSet OK!\nUpdate Checksum OK!\n'Write Board Part number result is b'Set the Board MFG Date !\n2021-11-03 11:11:11\nSet OK!\nUpdate Checksum OK!\n'Write Product Serial result is b'Set the Board MFG Date !\n2021-11-03 11:11:11\nSet OK!\nUpdate Checksum OK!\n'Write Product Part number result is b'Set the Board MFG Date !\n2021-11-03 11:11:11\nSet OK!\nUpdate Checksum OK!\n'Write Product Name result is b'Set the Board MFG Date !\n2021-11-03 11:11:11\nSet OK!\nUpdate Checksum OK!\n'Write Product Version result is b'Set the Board MFG Date !\n2021-11-03 11:11:11\nSet OK!\nUpdate Checksum OK!\n'Read FRU info is: FRU Device Description : Builtin FRU Device (ID 0)
 Board Mfg Date        : Tue Nov  2 23:11:00 2021
 Board Mfg             : Joinus        
 Board Product         : BBU                  
 Board Serial          : 1234567890AAF
 Board Part Number     : 0206-00003-0005
 Board Extra           : aaaaaaaaaaaa
 Board Extra           : bbbbbbbbbbbbbbbb
 Product Manufacturer  : Joinus       
 Product Name          : BBU                  
 Product Part Number   : 0211-00001-0000
 Product Version       : Rev-1   
 Product Serial        : 1234567890AAF
 Product Asset Tag     : 0000000000000000
 Product Extra         : cccccccccccc
 Product Extra         : dddddddddddddddd

Write fru info successfullyETH test start The ETH info is:  'Settings for enp3s0:
	Supported ports: [ TP ]
	Supported link modes:   10baseT/Half 10baseT/Full 
	                        100baseT/Half 100baseT/Full 
	                        1000baseT/Full 
	Supported pause frame use: Symmetric
	Supports auto-negotiation: Yes
	Supported FEC modes: Not reported
	Advertised link modes:  10baseT/Half 10baseT/Full 
	                        100baseT/Half 100baseT/Full 
	                        1000baseT/Full 
	Advertised pause frame use: Symmetric
	Advertised auto-negotiation: Yes
	Advertised FEC modes: Not reported
	Speed: 1000Mb/s
	Duplex: Full
	Port: Twisted Pair
	PHYAD: 1
	Transceiver: internal
	Auto-negotiation: on
	MDI-X: off (auto)
	Supports Wake-on: pumbg
	Wake-on: g
	Current message level: 0x00000007 (7)
			       drv probe link
	Link detected: yes
'set ipmi lan 1 ipaddr is: 10.168.1.214 set ipmi lan 1 netmask is: 255.255.255.0 set ipmi lan 1 defgw ipaddr is: 10.168.1.1 set enp3s0 ipaddr is: 10.168.1.215 The IPMI info get is:  'Error: Unable to establish IPMI v2 / RMCP+ session'ETH Test fail, IPMIinfo check failed, error code 05003SFP test start SFP port1 info is:   'Settings for enp184s0f0:
	Supported ports: [ FIBRE ]
	Supported link modes:   10000baseT/Full 
	Supported pause frame use: Symmetric
	Supports auto-negotiation: No
	Supported FEC modes: Not reported
	Advertised link modes:  10000baseT/Full 
	Advertised pause frame use: No
	Advertised auto-negotiation: No
	Advertised FEC modes: Not reported
	Speed: 10000Mb/s
	Duplex: Full
	Port: Direct Attach Copper
	PHYAD: 0
	Transceiver: internal
	Auto-negotiation: off
	Supports Wake-on: g
	Wake-on: g
	Current message level: 0x00000007 (7)
			       drv probe link
	Link detected: yes
'SFP port2 info is:   'Settings for enp184s0f1:
	Supported ports: [ FIBRE ]
	Supported link modes:   10000baseT/Full 
	Supported pause frame use: Symmetric
	Supports auto-negotiation: No
	Supported FEC modes: Not reported
	Advertised link modes:  10000baseT/Full 
	Advertised pause frame use: No
	Advertised auto-negotiation: No
	Advertised FEC modes: Not reported
	Speed: 10000Mb/s
	Duplex: Full
	Port: Direct Attach Copper
	PHYAD: 0
	Transceiver: internal
	Auto-negotiation: off
	Supports Wake-on: g
	Wake-on: g
	Current message level: 0x00000007 (7)
			       drv probe link
	Link detected: yes
'SFP port3 info is:   'Settings for enp184s0f2:
	Supported ports: [ FIBRE ]
	Supported link modes:   10000baseT/Full 
	Supported pause frame use: Symmetric
	Supports auto-negotiation: No
	Supported FEC modes: Not reported
	Advertised link modes:  10000baseT/Full 
	Advertised pause frame use: No
	Advertised auto-negotiation: No
	Advertised FEC modes: Not reported
	Speed: 10000Mb/s
	Duplex: Full
	Port: Direct Attach Copper
	PHYAD: 0
	Transceiver: internal
	Auto-negotiation: off
	Supports Wake-on: g
	Wake-on: g
	Current message level: 0x00000007 (7)
			       drv probe link
	Link detected: yes
'SFP port4 info is:   'Settings for enp184s0f3:
	Supported ports: [ FIBRE ]
	Supported link modes:   10000baseT/Full 
	Supported pause frame use: Symmetric
	Supports auto-negotiation: No
	Supported FEC modes: Not reported
	Advertised link modes:  10000baseT/Full 
	Advertised pause frame use: No
	Advertised auto-negotiation: No
	Advertised FEC modes: Not reported
	Speed: 10000Mb/s
	Duplex: Full
	Port: Direct Attach Copper
	PHYAD: 0
	Transceiver: internal
	Auto-negotiation: off
	Supports Wake-on: g
	Wake-on: g
	Current message level: 0x00000007 (7)
			       drv probe link
	Link detected: yes
'the '1' upper SFP ping info is:   'b'PING 192.168.1.30 (192.168.1.30) from 192.168.1.31 : 56(84) bytes of data.\n64 bytes from 192.168.1.30: icmp_seq=1 ttl=64 time=0.293 ms\n64 bytes from 192.168.1.30: icmp_seq=2 ttl=64 time=0.191 ms\n64 bytes from 192.168.1.30: icmp_seq=3 ttl=64 time=0.149 ms\n64 bytes from 192.168.1.30: icmp_seq=4 ttl=64 time=0.154 ms\n64 bytes from 192.168.1.30: icmp_seq=5 ttl=64 time=0.200 ms\n64 bytes from 192.168.1.30: icmp_seq=6 ttl=64 time=0.199 ms\n64 bytes from 192.168.1.30: icmp_seq=7 ttl=64 time=0.192 ms\n64 bytes from 192.168.1.30: icmp_seq=8 ttl=64 time=0.149 ms\n64 bytes from 192.168.1.30: icmp_seq=9 ttl=64 time=0.155 ms\n64 bytes from 192.168.1.30: icmp_seq=10 ttl=64 time=0.201 ms\n64 bytes from 192.168.1.30: icmp_seq=11 ttl=64 time=0.204 ms\n64 bytes from 192.168.1.30: icmp_seq=12 ttl=64 time=0.198 ms\n64 bytes from 192.168.1.30: icmp_seq=13 ttl=64 time=0.165 ms\n64 bytes from 192.168.1.30: icmp_seq=14 ttl=64 time=0.154 ms\n64 bytes from 192.168.1.30: icmp_seq=15 ttl=64 time=1.01 ms\n\n--- 192.168.1.30 ping statistics ---\n15 packets transmitted, 15 received, 0% packet loss, time 14019ms\nrtt min/avg/max/mdev = 0.149/0.241/1.014/0.209 ms\n''the '1' under SFP ping info is:   'b'PING 192.168.2.30 (192.168.2.30) from 192.168.2.31 : 56(84) bytes of data.\n64 bytes from 192.168.2.30: icmp_seq=1 ttl=64 time=0.275 ms\n64 bytes from 192.168.2.30: icmp_seq=2 ttl=64 time=0.137 ms\n64 bytes from 192.168.2.30: icmp_seq=3 ttl=64 time=0.159 ms\n64 bytes from 192.168.2.30: icmp_seq=4 ttl=64 time=0.189 ms\n64 bytes from 192.168.2.30: icmp_seq=5 ttl=64 time=0.097 ms\n64 bytes from 192.168.2.30: icmp_seq=6 ttl=64 time=0.159 ms\n64 bytes from 192.168.2.30: icmp_seq=7 ttl=64 time=0.137 ms\n64 bytes from 192.168.2.30: icmp_seq=8 ttl=64 time=0.154 ms\n64 bytes from 192.168.2.30: icmp_seq=9 ttl=64 time=0.138 ms\n64 bytes from 192.168.2.30: icmp_seq=10 ttl=64 time=0.158 ms\n64 bytes from 192.168.2.30: icmp_seq=11 ttl=64 time=0.137 ms\n64 bytes from 192.168.2.30: icmp_seq=12 ttl=64 time=0.155 ms\n64 bytes from 192.168.2.30: icmp_seq=13 ttl=64 time=0.137 ms\n64 bytes from 192.168.2.30: icmp_seq=14 ttl=64 time=0.138 ms\n64 bytes from 192.168.2.30: icmp_seq=15 ttl=64 time=0.155 ms\n\n--- 192.168.2.30 ping statistics ---\n15 packets transmitted, 15 received, 0% packet loss, time 14023ms\nrtt min/avg/max/mdev = 0.097/0.155/0.275/0.037 ms\n''the '2' upper SFP ping info is:   'b'PING 192.168.1.30 (192.168.1.30) from 192.168.1.31 : 56(84) bytes of data.\n64 bytes from 192.168.1.30: icmp_seq=1 ttl=64 time=0.113 ms\n64 bytes from 192.168.1.30: icmp_seq=2 ttl=64 time=0.071 ms\n64 bytes from 192.168.1.30: icmp_seq=3 ttl=64 time=0.076 ms\n64 bytes from 192.168.1.30: icmp_seq=4 ttl=64 time=0.174 ms\n64 bytes from 192.168.1.30: icmp_seq=5 ttl=64 time=0.154 ms\n64 bytes from 192.168.1.30: icmp_seq=6 ttl=64 time=0.193 ms\n64 bytes from 192.168.1.30: icmp_seq=7 ttl=64 time=0.149 ms\n64 bytes from 192.168.1.30: icmp_seq=8 ttl=64 time=0.142 ms\n64 bytes from 192.168.1.30: icmp_seq=9 ttl=64 time=0.194 ms\n64 bytes from 192.168.1.30: icmp_seq=10 ttl=64 time=0.154 ms\n64 bytes from 192.168.1.30: icmp_seq=11 ttl=64 time=0.198 ms\n64 bytes from 192.168.1.30: icmp_seq=12 ttl=64 time=0.155 ms\n64 bytes from 192.168.1.30: icmp_seq=13 ttl=64 time=0.191 ms\n64 bytes from 192.168.1.30: icmp_seq=14 ttl=64 time=0.154 ms\n64 bytes from 192.168.1.30: icmp_seq=15 ttl=64 time=0.197 ms\n\n--- 192.168.1.30 ping statistics ---\n15 packets transmitted, 15 received, 0% packet loss, time 14009ms\nrtt min/avg/max/mdev = 0.071/0.154/0.198/0.040 ms\n''the '2' under SFP ping info is:   'b'PING 192.168.2.30 (192.168.2.30) from 192.168.2.31 : 56(84) bytes of data.\n64 bytes from 192.168.2.30: icmp_seq=1 ttl=64 time=0.110 ms\n64 bytes from 192.168.2.30: icmp_seq=2 ttl=64 time=0.114 ms\n64 bytes from 192.168.2.30: icmp_seq=3 ttl=64 time=0.143 ms\n64 bytes from 192.168.2.30: icmp_seq=4 ttl=64 time=0.152 ms\n64 bytes from 192.168.2.30: icmp_seq=5 ttl=64 time=0.197 ms\n64 bytes from 192.168.2.30: icmp_seq=6 ttl=64 time=0.155 ms\n64 bytes from 192.168.2.30: icmp_seq=7 ttl=64 time=0.184 ms\n64 bytes from 192.168.2.30: icmp_seq=8 ttl=64 time=0.139 ms\n64 bytes from 192.168.2.30: icmp_seq=9 ttl=64 time=0.156 ms\n64 bytes from 192.168.2.30: icmp_seq=10 ttl=64 time=0.138 ms\n64 bytes from 192.168.2.30: icmp_seq=11 ttl=64 time=0.153 ms\n64 bytes from 192.168.2.30: icmp_seq=12 ttl=64 time=0.195 ms\n64 bytes from 192.168.2.30: icmp_seq=13 ttl=64 time=0.152 ms\n64 bytes from 192.168.2.30: icmp_seq=14 ttl=64 time=0.176 ms\n64 bytes from 192.168.2.30: icmp_seq=15 ttl=64 time=0.155 ms\n\n--- 192.168.2.30 ping statistics ---\n15 packets transmitted, 15 received, 0% packet loss, time 14026ms\nrtt min/avg/max/mdev = 0.110/0.154/0.197/0.028 ms\n''the '3' upper SFP ping info is:   'b'PING 192.168.1.30 (192.168.1.30) from 192.168.1.31 : 56(84) bytes of data.\n64 bytes from 192.168.1.30: icmp_seq=1 ttl=64 time=0.108 ms\n64 bytes from 192.168.1.30: icmp_seq=2 ttl=64 time=0.076 ms\n64 bytes from 192.168.1.30: icmp_seq=3 ttl=64 time=0.137 ms\n64 bytes from 192.168.1.30: icmp_seq=4 ttl=64 time=0.153 ms\n64 bytes from 192.168.1.30: icmp_seq=5 ttl=64 time=0.175 ms\n64 bytes from 192.168.1.30: icmp_seq=6 ttl=64 time=0.154 ms\n64 bytes from 192.168.1.30: icmp_seq=7 ttl=64 time=0.191 ms\n64 bytes from 192.168.1.30: icmp_seq=8 ttl=64 time=0.163 ms\n64 bytes from 192.168.1.30: icmp_seq=9 ttl=64 time=0.154 ms\n64 bytes from 192.168.1.30: icmp_seq=10 ttl=64 time=0.189 ms\n64 bytes from 192.168.1.30: icmp_seq=11 ttl=64 time=0.157 ms\n64 bytes from 192.168.1.30: icmp_seq=12 ttl=64 time=0.209 ms\n64 bytes from 192.168.1.30: icmp_seq=13 ttl=64 time=0.197 ms\n64 bytes from 192.168.1.30: icmp_seq=14 ttl=64 time=0.195 ms\n64 bytes from 192.168.1.30: icmp_seq=15 ttl=64 time=0.157 ms\n\n--- 192.168.1.30 ping statistics ---\n15 packets transmitted, 15 received, 0% packet loss, time 14017ms\nrtt min/avg/max/mdev = 0.076/0.161/0.209/0.034 ms\n''the '3' under SFP ping info is:   'b'PING 192.168.2.30 (192.168.2.30) from 192.168.2.31 : 56(84) bytes of data.\n64 bytes from 192.168.2.30: icmp_seq=1 ttl=64 time=0.118 ms\n64 bytes from 192.168.2.30: icmp_seq=2 ttl=64 time=0.174 ms\n64 bytes from 192.168.2.30: icmp_seq=3 ttl=64 time=0.171 ms\n64 bytes from 192.168.2.30: icmp_seq=4 ttl=64 time=0.212 ms\n64 bytes from 192.168.2.30: icmp_seq=5 ttl=64 time=0.158 ms\n64 bytes from 192.168.2.30: icmp_seq=6 ttl=64 time=0.196 ms\n64 bytes from 192.168.2.30: icmp_seq=7 ttl=64 time=0.149 ms\n64 bytes from 192.168.2.30: icmp_seq=8 ttl=64 time=0.149 ms\n64 bytes from 192.168.2.30: icmp_seq=9 ttl=64 time=0.199 ms\n64 bytes from 192.168.2.30: icmp_seq=10 ttl=64 time=0.146 ms\n64 bytes from 192.168.2.30: icmp_seq=11 ttl=64 time=0.154 ms\n64 bytes from 192.168.2.30: icmp_seq=12 ttl=64 time=0.194 ms\n64 bytes from 192.168.2.30: icmp_seq=13 ttl=64 time=0.148 ms\n64 bytes from 192.168.2.30: icmp_seq=14 ttl=64 time=0.149 ms\n64 bytes from 192.168.2.30: icmp_seq=15 ttl=64 time=0.196 ms\n\n--- 192.168.2.30 ping statistics ---\n15 packets transmitted, 15 received, 0% packet loss, time 14008ms\nrtt min/avg/max/mdev = 0.118/0.167/0.212/0.029 ms\n''the '4' upper SFP ping info is:   'b'PING 192.168.1.30 (192.168.1.30) from 192.168.1.31 : 56(84) bytes of data.\n64 bytes from 192.168.1.30: icmp_seq=1 ttl=64 time=0.116 ms\n64 bytes from 192.168.1.30: icmp_seq=2 ttl=64 time=0.065 ms\n64 bytes from 192.168.1.30: icmp_seq=3 ttl=64 time=0.135 ms\n64 bytes from 192.168.1.30: icmp_seq=4 ttl=64 time=0.143 ms\n64 bytes from 192.168.1.30: icmp_seq=5 ttl=64 time=0.149 ms\n64 bytes from 192.168.1.30: icmp_seq=6 ttl=64 time=0.157 ms\n64 bytes from 192.168.1.30: icmp_seq=7 ttl=64 time=0.180 ms\n64 bytes from 192.168.1.30: icmp_seq=8 ttl=64 time=0.150 ms\n64 bytes from 192.168.1.30: icmp_seq=9 ttl=64 time=0.153 ms\n64 bytes from 192.168.1.30: icmp_seq=10 ttl=64 time=0.200 ms\n64 bytes from 192.168.1.30: icmp_seq=11 ttl=64 time=0.192 ms\n64 bytes from 192.168.1.30: icmp_seq=12 ttl=64 time=0.154 ms\n64 bytes from 192.168.1.30: icmp_seq=13 ttl=64 time=0.193 ms\n64 bytes from 192.168.1.30: icmp_seq=14 ttl=64 time=0.138 ms\n64 bytes from 192.168.1.30: icmp_seq=15 ttl=64 time=0.198 ms\n\n--- 192.168.1.30 ping statistics ---\n15 packets transmitted, 15 received, 0% packet loss, time 14019ms\nrtt min/avg/max/mdev = 0.065/0.154/0.200/0.038 ms\n''the '4' under SFP ping info is:   'b'PING 192.168.2.30 (192.168.2.30) from 192.168.2.31 : 56(84) bytes of data.\n64 bytes from 192.168.2.30: icmp_seq=1 ttl=64 time=0.113 ms\n64 bytes from 192.168.2.30: icmp_seq=2 ttl=64 time=0.119 ms\n64 bytes from 192.168.2.30: icmp_seq=3 ttl=64 time=0.130 ms\n64 bytes from 192.168.2.30: icmp_seq=4 ttl=64 time=0.152 ms\n64 bytes from 192.168.2.30: icmp_seq=5 ttl=64 time=0.195 ms\n64 bytes from 192.168.2.30: icmp_seq=6 ttl=64 time=0.152 ms\n64 bytes from 192.168.2.30: icmp_seq=7 ttl=64 time=0.196 ms\n64 bytes from 192.168.2.30: icmp_seq=8 ttl=64 time=0.152 ms\n64 bytes from 192.168.2.30: icmp_seq=9 ttl=64 time=0.194 ms\n64 bytes from 192.168.2.30: icmp_seq=10 ttl=64 time=0.155 ms\n64 bytes from 192.168.2.30: icmp_seq=11 ttl=64 time=0.188 ms\n64 bytes from 192.168.2.30: icmp_seq=12 ttl=64 time=0.152 ms\n64 bytes from 192.168.2.30: icmp_seq=13 ttl=64 time=0.198 ms\n64 bytes from 192.168.2.30: icmp_seq=14 ttl=64 time=0.152 ms\n64 bytes from 192.168.2.30: icmp_seq=15 ttl=64 time=0.190 ms\n\n--- 192.168.2.30 ping statistics ---\n15 packets transmitted, 15 received, 0% packet loss, time 14020ms\nrtt min/avg/max/mdev = 0.113/0.162/0.198/0.031 ms\n''the '5' upper SFP ping info is:   'b'PING 192.168.1.30 (192.168.1.30) from 192.168.1.31 : 56(84) bytes of data.\n64 bytes from 192.168.1.30: icmp_seq=1 ttl=64 time=0.104 ms\n64 bytes from 192.168.1.30: icmp_seq=2 ttl=64 time=0.063 ms\n64 bytes from 192.168.1.30: icmp_seq=3 ttl=64 time=0.076 ms\n64 bytes from 192.168.1.30: icmp_seq=4 ttl=64 time=0.115 ms\n64 bytes from 192.168.1.30: icmp_seq=5 ttl=64 time=0.177 ms\n64 bytes from 192.168.1.30: icmp_seq=6 ttl=64 time=0.155 ms\n64 bytes from 192.168.1.30: icmp_seq=7 ttl=64 time=0.193 ms\n64 bytes from 192.168.1.30: icmp_seq=8 ttl=64 time=0.153 ms\n64 bytes from 192.168.1.30: icmp_seq=9 ttl=64 time=0.198 ms\n64 bytes from 192.168.1.30: icmp_seq=10 ttl=64 time=0.199 ms\n64 bytes from 192.168.1.30: icmp_seq=11 ttl=64 time=0.191 ms\n64 bytes from 192.168.1.30: icmp_seq=12 ttl=64 time=0.160 ms\n64 bytes from 192.168.1.30: icmp_seq=13 ttl=64 time=0.191 ms\n64 bytes from 192.168.1.30: icmp_seq=14 ttl=64 time=0.151 ms\n64 bytes from 192.168.1.30: icmp_seq=15 ttl=64 time=0.157 ms\n\n--- 192.168.1.30 ping statistics ---\n15 packets transmitted, 15 received, 0% packet loss, time 14020ms\nrtt min/avg/max/mdev = 0.063/0.152/0.199/0.043 ms\n''the '5' under SFP ping info is:   'b'PING 192.168.2.30 (192.168.2.30) from 192.168.2.31 : 56(84) bytes of data.\n64 bytes from 192.168.2.30: icmp_seq=1 ttl=64 time=0.116 ms\n64 bytes from 192.168.2.30: icmp_seq=2 ttl=64 time=0.135 ms\n64 bytes from 192.168.2.30: icmp_seq=3 ttl=64 time=0.138 ms\n64 bytes from 192.168.2.30: icmp_seq=4 ttl=64 time=0.137 ms\n64 bytes from 192.168.2.30: icmp_seq=5 ttl=64 time=0.153 ms\n64 bytes from 192.168.2.30: icmp_seq=6 ttl=64 time=0.193 ms\n64 bytes from 192.168.2.30: icmp_seq=7 ttl=64 time=0.152 ms\n64 bytes from 192.168.2.30: icmp_seq=8 ttl=64 time=0.198 ms\n64 bytes from 192.168.2.30: icmp_seq=9 ttl=64 time=0.180 ms\n64 bytes from 192.168.2.30: icmp_seq=10 ttl=64 time=0.153 ms\n64 bytes from 192.168.2.30: icmp_seq=11 ttl=64 time=0.198 ms\n64 bytes from 192.168.2.30: icmp_seq=12 ttl=64 time=0.153 ms\n64 bytes from 192.168.2.30: icmp_seq=13 ttl=64 time=0.199 ms\n64 bytes from 192.168.2.30: icmp_seq=14 ttl=64 time=0.153 ms\n64 bytes from 192.168.2.30: icmp_seq=15 ttl=64 time=0.199 ms\n\n--- 192.168.2.30 ping statistics ---\n15 packets transmitted, 15 received, 0% packet loss, time 14024ms\nrtt min/avg/max/mdev = 0.116/0.163/0.199/0.031 ms\n''the '6' upper SFP ping info is:   'b'PING 192.168.1.30 (192.168.1.30) from 192.168.1.31 : 56(84) bytes of data.\n64 bytes from 192.168.1.30: icmp_seq=1 ttl=64 time=0.109 ms\n64 bytes from 192.168.1.30: icmp_seq=2 ttl=64 time=0.066 ms\n64 bytes from 192.168.1.30: icmp_seq=3 ttl=64 time=0.160 ms\n64 bytes from 192.168.1.30: icmp_seq=4 ttl=64 time=0.203 ms\n64 bytes from 192.168.1.30: icmp_seq=5 ttl=64 time=0.202 ms\n64 bytes from 192.168.1.30: icmp_seq=6 ttl=64 time=0.198 ms\n64 bytes from 192.168.1.30: icmp_seq=7 ttl=64 time=0.200 ms\n64 bytes from 192.168.1.30: icmp_seq=8 ttl=64 time=0.191 ms\n64 bytes from 192.168.1.30: icmp_seq=9 ttl=64 time=0.156 ms\n64 bytes from 192.168.1.30: icmp_seq=10 ttl=64 time=0.155 ms\n64 bytes from 192.168.1.30: icmp_seq=11 ttl=64 time=0.189 ms\n64 bytes from 192.168.1.30: icmp_seq=12 ttl=64 time=0.154 ms\n64 bytes from 192.168.1.30: icmp_seq=13 ttl=64 time=0.196 ms\n64 bytes from 192.168.1.30: icmp_seq=14 ttl=64 time=0.160 ms\n64 bytes from 192.168.1.30: icmp_seq=15 ttl=64 time=0.197 ms\n\n--- 192.168.1.30 ping statistics ---\n15 packets transmitted, 15 received, 0% packet loss, time 14023ms\nrtt min/avg/max/mdev = 0.066/0.169/0.203/0.038 ms\n''the '6' under SFP ping info is:   'b'PING 192.168.2.30 (192.168.2.30) from 192.168.2.31 : 56(84) bytes of data.\n64 bytes from 192.168.2.30: icmp_seq=1 ttl=64 time=0.117 ms\n64 bytes from 192.168.2.30: icmp_seq=2 ttl=64 time=0.121 ms\n64 bytes from 192.168.2.30: icmp_seq=3 ttl=64 time=0.189 ms\n64 bytes from 192.168.2.30: icmp_seq=4 ttl=64 time=0.175 ms\n64 bytes from 192.168.2.30: icmp_seq=5 ttl=64 time=0.152 ms\n64 bytes from 192.168.2.30: icmp_seq=6 ttl=64 time=0.138 ms\n64 bytes from 192.168.2.30: icmp_seq=7 ttl=64 time=0.153 ms\n64 bytes from 192.168.2.30: icmp_seq=8 ttl=64 time=0.137 ms\n64 bytes from 192.168.2.30: icmp_seq=9 ttl=64 time=0.153 ms\n64 bytes from 192.168.2.30: icmp_seq=10 ttl=64 time=0.196 ms\n64 bytes from 192.168.2.30: icmp_seq=11 ttl=64 time=0.152 ms\n64 bytes from 192.168.2.30: icmp_seq=12 ttl=64 time=0.138 ms\n64 bytes from 192.168.2.30: icmp_seq=13 ttl=64 time=0.155 ms\n64 bytes from 192.168.2.30: icmp_seq=14 ttl=64 time=0.138 ms\n64 bytes from 192.168.2.30: icmp_seq=15 ttl=64 time=0.152 ms\n\n--- 192.168.2.30 ping statistics ---\n15 packets transmitted, 15 received, 0% packet loss, time 14019ms\nrtt min/avg/max/mdev = 0.117/0.151/0.196/0.021 ms\n''SFP Test PassCPU test start CPU info is:  'model name	: Intel(R) Xeon(R) D-2177NT CPU @ 1.90GHz
model name	: Intel(R) Xeon(R) D-2177NT CPU @ 1.90GHz
model name	: Intel(R) Xeon(R) D-2177NT CPU @ 1.90GHz
model name	: Intel(R) Xeon(R) D-2177NT CPU @ 1.90GHz
model name	: Intel(R) Xeon(R) D-2177NT CPU @ 1.90GHz
model name	: Intel(R) Xeon(R) D-2177NT CPU @ 1.90GHz
model name	: Intel(R) Xeon(R) D-2177NT CPU @ 1.90GHz
model name	: Intel(R) Xeon(R) D-2177NT CPU @ 1.90GHz
model name	: Intel(R) Xeon(R) D-2177NT CPU @ 1.90GHz
model name	: Intel(R) Xeon(R) D-2177NT CPU @ 1.90GHz
model name	: Intel(R) Xeon(R) D-2177NT CPU @ 1.90GHz
model name	: Intel(R) Xeon(R) D-2177NT CPU @ 1.90GHz
model name	: Intel(R) Xeon(R) D-2177NT CPU @ 1.90GHz
model name	: Intel(R) Xeon(R) D-2177NT CPU @ 1.90GHz
model name	: Intel(R) Xeon(R) D-2177NT CPU @ 1.90GHz
model name	: Intel(R) Xeon(R) D-2177NT CPU @ 1.90GHz
model name	: Intel(R) Xeon(R) D-2177NT CPU @ 1.90GHz
model name	: Intel(R) Xeon(R) D-2177NT CPU @ 1.90GHz
model name	: Intel(R) Xeon(R) D-2177NT CPU @ 1.90GHz
model name	: Intel(R) Xeon(R) D-2177NT CPU @ 1.90GHz
model name	: Intel(R) Xeon(R) D-2177NT CPU @ 1.90GHz
model name	: Intel(R) Xeon(R) D-2177NT CPU @ 1.90GHz
model name	: Intel(R) Xeon(R) D-2177NT CPU @ 1.90GHz
model name	: Intel(R) Xeon(R) D-2177NT CPU @ 1.90GHz
model name	: Intel(R) Xeon(R) D-2177NT CPU @ 1.90GHz
model name	: Intel(R) Xeon(R) D-2177NT CPU @ 1.90GHz
model name	: Intel(R) Xeon(R) D-2177NT CPU @ 1.90GHz
model name	: Intel(R) Xeon(R) D-2177NT CPU @ 1.90GHz
'CPU number is:  '28'CPU Test PassMEMORY test start MEM total info is:  'MemTotal:       98475740 kB
'MEM free info is:  'MemFree:        95687464 kB
'Memory Test PassCONSOLE test start CONSOLE Test Failed, no console port detect, error code 19002 USB test start Mouse info is:  'Bus 001 Device 008: ID 046b:ff10 American Megatrends, Inc. Virtual Keyboard and Mouse
  idProduct          0xff10 Virtual Keyboard and Mouse
  iProduct                2 Virtual Keyboard and Mouse
      bInterfaceProtocol      2 Mouse
      iInterface              4 Mouse Interface
      bInterfaceProtocol      2 Mouse
'Keyboard info is:  'Bus 001 Device 008: ID 046b:ff10 American Megatrends, Inc. Virtual Keyboard and Mouse
  idProduct          0xff10 Virtual Keyboard and Mouse
  iProduct                2 Virtual Keyboard and Mouse
      bInterfaceProtocol      1 Keyboard
      iInterface              3 Keyboard Interface
      bInterfaceProtocol      1 Keyboard
'USB info is:  '      bInterfaceProtocol     80 Bulk-Only
'USB Test failed, usn device number is 1 error code is 04001PCIE test start PCIE Ethernet info is:  '03:00.0 Ethernet controller: Intel Corporation I210 Gigabit Network Connection (rev 03)
'PCIE chip info is:  '04:00.0 PCI bridge: ASPEED Technology, Inc. AST1150 PCI-to-PCI Bridge (rev 04)
'PCIE external graphic card is:  '17:00.0 VGA compatible controller: Advanced Micro Devices, Inc. [AMD/ATI] Caicos [Radeon HD 6450/7450/8450 / R5 230 OEM]
17:00.1 Audio device: Advanced Micro Devices, Inc. [AMD/ATI] Caicos HDMI Audio [Radeon HD 6450 / 7450/8450/8490 OEM / R5 230/235/235X OEM]
65:00.0 VGA compatible controller: Advanced Micro Devices, Inc. [AMD/ATI] Caicos [Radeon HD 6450/7450/8450 / R5 230 OEM]
65:00.1 Audio device: Advanced Micro Devices, Inc. [AMD/ATI] Caicos HDMI Audio [Radeon HD 6450 / 7450/8450/8490 OEM / R5 230/235/235X OEM]
'PCIE Ethernet Value is:  ''PCIE chip value is:  '		LnkCap:	Port #0, Speed 2.5GT/s, Width x1, ASPM L0s L1, Exit Latency L0s <2us, L1 <16us
		LnkSta:	Speed 2.5GT/s, Width x1, TrErr- Train- SlotClk+ DLActive- BWMgmt- ABWMgmt-
'PCIE 1st external card value is:  '		LnkCap:	Port #0, Speed 5GT/s, Width x16, ASPM L0s L1, Exit Latency L0s <64ns, L1 <1us
		LnkSta:	Speed 2.5GT/s, Width x16, TrErr- Train- SlotClk+ DLActive- BWMgmt- ABWMgmt-
'PCIE 2nd external card value is:  '		LnkCap:	Port #0, Speed 5GT/s, Width x16, ASPM L0s L1, Exit Latency L0s <64ns, L1 <1us
		LnkSta:	Speed 2.5GT/s, Width x16, TrErr- Train- SlotClk+ DLActive- BWMgmt- ABWMgmt-
'Pcie Test PassSATA test start The disk info is:  '
Disk /dev/sda: 120.0 GB, 120034123776 bytes, 234441648 sectors
Units = sectors of 1 * 512 = 512 bytes
Sector size (logical/physical): 512 bytes / 512 bytes
I/O size (minimum/optimal): 512 bytes / 512 bytes


Disk /dev/sdb: 120.0 GB, 120034123776 bytes, 234441648 sectors
Units = sectors of 1 * 512 = 512 bytes
Sector size (logical/physical): 512 bytes / 512 bytes
I/O size (minimum/optimal): 512 bytes / 512 bytes
Disk label type: dos
Disk identifier: 0x00093432

   Device Boot      Start         End      Blocks   Id  System
/dev/sdb1   *        2048     2099199     1048576   83  Linux
/dev/sdb2         2099200   250068991   123984896   8e  Linux LVM

Disk /dev/sdc: 512.1 GB, 512110190592 bytes, 1000215216 sectors
Units = sectors of 1 * 512 = 512 bytes
Sector size (logical/physical): 512 bytes / 512 bytes
I/O size (minimum/optimal): 512 bytes / 512 bytes


Disk /dev/sdd: 31.2 GB, 31205621760 bytes, 60948480 sectors
Units = sectors of 1 * 512 = 512 bytes
Sector size (logical/physical): 512 bytes / 512 bytes
I/O size (minimum/optimal): 512 bytes / 512 bytes
Disk label type: dos
Disk identifier: 0x00000000

   Device Boot      Start         End      Blocks   Id  System
/dev/sdd1               1    30031249    15015624+  ee  GPT

Disk /dev/mapper/centos-root: 12.5 GB, 12549357568 bytes, 24510464 sectors
Units = sectors of 1 * 512 = 512 bytes
Sector size (logical/physical): 512 bytes / 512 bytes
I/O size (minimum/optimal): 512 bytes / 512 bytes


Disk /dev/mapper/centos-swap: 1539 MB, 1539309568 bytes, 3006464 sectors
Units = sectors of 1 * 512 = 512 bytes
Sector size (logical/physical): 512 bytes / 512 bytes
I/O size (minimum/optimal): 512 bytes / 512 bytes


Disk /dev/nvme0n1: 1024.2 GB, 1024209543168 bytes, 2000409264 sectors
Units = sectors of 1 * 512 = 512 bytes
Sector size (logical/physical): 512 bytes / 512 bytes
I/O size (minimum/optimal): 512 bytes / 512 bytes
Disk label type: dos
Disk identifier: 0x000c1abd

        Device Boot      Start         End      Blocks   Id  System
/dev/nvme0n1p1   *        2048     2099199     1048576   83  Linux
/dev/nvme0n1p2         2099200   468860927   233380864   8e  Linux LVM

Disk /dev/mapper/cl-swap: 8388 MB, 8388608000 bytes, 16384000 sectors
Units = sectors of 1 * 512 = 512 bytes
Sector size (logical/physical): 512 bytes / 512 bytes
I/O size (minimum/optimal): 512 bytes / 512 bytes


Disk /dev/mapper/cl-home: 64.9 GB, 64877494272 bytes, 126713856 sectors
Units = sectors of 1 * 512 = 512 bytes
Sector size (logical/physical): 512 bytes / 512 bytes
I/O size (minimum/optimal): 512 bytes / 512 bytes

'SATA test PassM.2 test start The disk info is:  '
Disk /dev/sda: 120.0 GB, 120034123776 bytes, 234441648 sectors
Units = sectors of 1 * 512 = 512 bytes
Sector size (logical/physical): 512 bytes / 512 bytes
I/O size (minimum/optimal): 512 bytes / 512 bytes


Disk /dev/sdb: 120.0 GB, 120034123776 bytes, 234441648 sectors
Units = sectors of 1 * 512 = 512 bytes
Sector size (logical/physical): 512 bytes / 512 bytes
I/O size (minimum/optimal): 512 bytes / 512 bytes
Disk label type: dos
Disk identifier: 0x00093432

   Device Boot      Start         End      Blocks   Id  System
/dev/sdb1   *        2048     2099199     1048576   83  Linux
/dev/sdb2         2099200   250068991   123984896   8e  Linux LVM

Disk /dev/sdc: 512.1 GB, 512110190592 bytes, 1000215216 sectors
Units = sectors of 1 * 512 = 512 bytes
Sector size (logical/physical): 512 bytes / 512 bytes
I/O size (minimum/optimal): 512 bytes / 512 bytes


Disk /dev/sdd: 31.2 GB, 31205621760 bytes, 60948480 sectors
Units = sectors of 1 * 512 = 512 bytes
Sector size (logical/physical): 512 bytes / 512 bytes
I/O size (minimum/optimal): 512 bytes / 512 bytes
Disk label type: dos
Disk identifier: 0x00000000

   Device Boot      Start         End      Blocks   Id  System
/dev/sdd1               1    30031249    15015624+  ee  GPT

Disk /dev/mapper/centos-root: 12.5 GB, 12549357568 bytes, 24510464 sectors
Units = sectors of 1 * 512 = 512 bytes
Sector size (logical/physical): 512 bytes / 512 bytes
I/O size (minimum/optimal): 512 bytes / 512 bytes


Disk /dev/mapper/centos-swap: 1539 MB, 1539309568 bytes, 3006464 sectors
Units = sectors of 1 * 512 = 512 bytes
Sector size (logical/physical): 512 bytes / 512 bytes
I/O size (minimum/optimal): 512 bytes / 512 bytes


Disk /dev/nvme0n1: 1024.2 GB, 1024209543168 bytes, 2000409264 sectors
Units = sectors of 1 * 512 = 512 bytes
Sector size (logical/physical): 512 bytes / 512 bytes
I/O size (minimum/optimal): 512 bytes / 512 bytes
Disk label type: dos
Disk identifier: 0x000c1abd

        Device Boot      Start         End      Blocks   Id  System
/dev/nvme0n1p1   *        2048     2099199     1048576   83  Linux
/dev/nvme0n1p2         2099200   468860927   233380864   8e  Linux LVM

Disk /dev/mapper/cl-swap: 8388 MB, 8388608000 bytes, 16384000 sectors
Units = sectors of 1 * 512 = 512 bytes
Sector size (logical/physical): 512 bytes / 512 bytes
I/O size (minimum/optimal): 512 bytes / 512 bytes


Disk /dev/mapper/cl-home: 64.9 GB, 64877494272 bytes, 126713856 sectors
Units = sectors of 1 * 512 = 512 bytes
Sector size (logical/physical): 512 bytes / 512 bytes
I/O size (minimum/optimal): 512 bytes / 512 bytes

'M.2 test Pass