VGA test start The user choose light, VGA Test Passstart fetch sn This SN is new one, need fetch new mac_address fetch mac_address: E4956E209C67 fetch mac_address: E4956E209C68 fetch mac_address: E4956E209C69 fetch mac_address: E4956E209C6A fetch mac_address: E4956E209C6B fetch mac_address: E4956E209C6C fetch mac_address: E4956E209C6D start write mac address MAC info before write is:  1: LAN MAC Address is E4956E2F222A.
 2: LAN MAC Address is 987C59010000.
 3: LAN MAC Address is 48045A010000.
 4: LAN MAC Address is E4956E209C63.
 5: LAN MAC Address is E4956E209C64.
The 1 channel write result is 
Using: Intel (R) PRO Network Connections SDK v2.26.17
EEUPDATE v5.26.17.11 
Copyright (C) 1995 - 2015 Intel Corporation
Intel (R) Confidential and not for general distribution.

Driverless Mode


NIC Bus Dev Fun Vendor-Device  Branding string
=== === === === ============= =================================================
  1   3  00  00   8086-1533    Intel(R) I210 Gigabit Network Connection
  2 184  00  00   8086-37D0    Intel(R) Ethernet Connection X722 for 10GbE SFP+
  3 184  00  01   8086-37D0    Intel(R) Ethernet Connection X722 for 10GbE SFP+
  4 184  00  02   8086-37D0    Intel(R) Ethernet Connection X722 for 10GbE SFP+
  5 184  00  03   8086-37D0    Intel(R) Ethernet Connection X722 for 10GbE SFP+

 1: Updating Mac Address to E4956E209C67...Done.
 1: Updating Checksum and CRCs...Done.
The 2 channel write result is 
Using: Intel (R) PRO Network Connections SDK v2.26.17
EEUPDATE v5.26.17.11 
Copyright (C) 1995 - 2015 Intel Corporation
Intel (R) Confidential and not for general distribution.

Driverless Mode


NIC Bus Dev Fun Vendor-Device  Branding string
=== === === === ============= =================================================
  1   3  00  00   8086-1533    Intel(R) I210 Gigabit Network Connection
  2 184  00  00   8086-37D0    Intel(R) Ethernet Connection X722 for 10GbE SFP+
  3 184  00  01   8086-37D0    Intel(R) Ethernet Connection X722 for 10GbE SFP+
  4 184  00  02   8086-37D0    Intel(R) Ethernet Connection X722 for 10GbE SFP+
  5 184  00  03   8086-37D0    Intel(R) Ethernet Connection X722 for 10GbE SFP+

 2: Updating PCI Serial, Port#00 and PF#00 Mac Address to E4956E209C68...Failed!
The 3 channel write result is 
Using: Intel (R) PRO Network Connections SDK v2.26.17
EEUPDATE v5.26.17.11 
Copyright (C) 1995 - 2015 Intel Corporation
Intel (R) Confidential and not for general distribution.

Driverless Mode


NIC Bus Dev Fun Vendor-Device  Branding string
=== === === === ============= =================================================
  1   3  00  00   8086-1533    Intel(R) I210 Gigabit Network Connection
  2 184  00  00   8086-37D0    Intel(R) Ethernet Connection X722 for 10GbE SFP+
  3 184  00  01   8086-37D0    Intel(R) Ethernet Connection X722 for 10GbE SFP+
  4 184  00  02   8086-37D0    Intel(R) Ethernet Connection X722 for 10GbE SFP+
  5 184  00  03   8086-37D0    Intel(R) Ethernet Connection X722 for 10GbE SFP+

 3: Updating Port#00 and PF#01 Mac Address to E4956E209C69...Failed!
The 4 channel write result is 
Using: Intel (R) PRO Network Connections SDK v2.26.17
EEUPDATE v5.26.17.11 
Copyright (C) 1995 - 2015 Intel Corporation
Intel (R) Confidential and not for general distribution.

Driverless Mode


NIC Bus Dev Fun Vendor-Device  Branding string
=== === === === ============= =================================================
  1   3  00  00   8086-1533    Intel(R) I210 Gigabit Network Connection
  2 184  00  00   8086-37D0    Intel(R) Ethernet Connection X722 for 10GbE SFP+
  3 184  00  01   8086-37D0    Intel(R) Ethernet Connection X722 for 10GbE SFP+
  4 184  00  02   8086-37D0    Intel(R) Ethernet Connection X722 for 10GbE SFP+
  5 184  00  03   8086-37D0    Intel(R) Ethernet Connection X722 for 10GbE SFP+

 4: Updating Port#02 and PF#02 Mac Address to E4956E209C6A...Done.
 4: Updating Checksum and CRCs...Done.
The 5 channel write result is 
Using: Intel (R) PRO Network Connections SDK v2.26.17
EEUPDATE v5.26.17.11 
Copyright (C) 1995 - 2015 Intel Corporation
Intel (R) Confidential and not for general distribution.

Driverless Mode


NIC Bus Dev Fun Vendor-Device  Branding string
=== === === === ============= =================================================
  1   3  00  00   8086-1533    Intel(R) I210 Gigabit Network Connection
  2 184  00  00   8086-37D0    Intel(R) Ethernet Connection X722 for 10GbE SFP+
  3 184  00  01   8086-37D0    Intel(R) Ethernet Connection X722 for 10GbE SFP+
  4 184  00  02   8086-37D0    Intel(R) Ethernet Connection X722 for 10GbE SFP+
  5 184  00  03   8086-37D0    Intel(R) Ethernet Connection X722 for 10GbE SFP+

 5: Updating Port#03 and PF#03 Mac Address to E4956E209C6B...Done.
 5: Updating Checksum and CRCs...Done.
MAC info after write is: 1: LAN MAC Address is E4956E2F222A.Get MAC number 1 is: E4956E2F222AMAC info after write is: 2: LAN MAC Address is 985CDC020000.Get MAC number 2 is: 985CDC020000MAC info after write is: 3: LAN MAC Address is 488438010000.Get MAC number 3 is: 488438010000MAC info after write is: 4: LAN MAC Address is E4956E209C6A.Get MAC number 4 is: E4956E209C6AMAC info after write is: 5: LAN MAC Address is E4956E209C6B.Get MAC number 5 is: E4956E209C6BBMC LAN1 initial MAC address is: e4 95 6e 20 9c 65BMC LAN8 initial MAC address is: e4 95 6e 20 9c 66BMC LAN1 final MAC address is: E4 95 6E 20 9C 6CBMC LAN8 final MAC address is: E4 95 6E 20 9C 6Dfirst ETH MAC_address write failedstart write fru messageWrite Board Mfg Date result is b'Set the Board MFG Date !\n2021-11-03 11:11:11\nSet OK!\nUpdate Checksum OK!\n'Write Board Serial result is b'Set the Board MFG Date !\n2021-11-03 11:11:11\nSet OK!\nUpdate Checksum OK!\n'Write Board Part number result is b'Set the Board MFG Date !\n2021-11-03 11:11:11\nSet OK!\nUpdate Checksum OK!\n'Write Product Serial result is b'Set the Board MFG Date !\n2021-11-03 11:11:11\nSet OK!\nUpdate Checksum OK!\n'Write Product Part number result is b'Set the Board MFG Date !\n2021-11-03 11:11:11\nSet OK!\nUpdate Checksum OK!\n'Write Product Name result is b'Set the Board MFG Date !\n2021-11-03 11:11:11\nSet OK!\nUpdate Checksum OK!\n'Write Product Version result is b'Set the Board MFG Date !\n2021-11-03 11:11:11\nSet OK!\nUpdate Checksum OK!\n'Read FRU info is: FRU Device Description : Builtin FRU Device (ID 0)
 Board Mfg Date        : Tue Nov  2 23:11:00 2021
 Board Mfg             : Joinus        
 Board Product         : BBU                  
 Board Serial          : 1234567890AAE
 Board Part Number     : 0206-00003-0005
 Board Extra           : aaaaaaaaaaaa
 Board Extra           : bbbbbbbbbbbbbbbb
 Product Manufacturer  : Joinus       
 Product Name          : BBU                  
 Product Part Number   : 0211-00001-0000
 Product Version       : Rev-1   
 Product Serial        : 1234567890AAE
 Product Asset Tag     : 0000000000000000
 Product Extra         : cccccccccccc
 Product Extra         : dddddddddddddddd

Write fru info successfullyETH test start The ETH info is:  'b'Settings for enp3s0:\n\tSupported ports: [ TP ]\n\tSupported link modes:   10baseT/Half 10baseT/Full \n\t                        100baseT/Half 100baseT/Full \n\t                        1000baseT/Full \n\tSupported pause frame use: Symmetric\n\tSupports auto-negotiation: Yes\n\tSupported FEC modes: Not reported\n\tAdvertised link modes:  10baseT/Half 10baseT/Full \n\t                        100baseT/Half 100baseT/Full \n\t                        1000baseT/Full \n\tAdvertised pause frame use: Symmetric\n\tAdvertised auto-negotiation: Yes\n\tAdvertised FEC modes: Not reported\n\tSpeed: 1000Mb/s\n\tDuplex: Full\n\tPort: Twisted Pair\n\tPHYAD: 1\n\tTransceiver: internal\n\tAuto-negotiation: on\n\tMDI-X: on (auto)\n\tSupports Wake-on: pumbg\n\tWake-on: g\n\tCurrent message level: 0x00000007 (7)\n\t\t\t       drv probe link\n\tLink detected: yes\n''set ipmi lan 1 ipaddr is: 10.168.1.214 set ipmi lan 1 netmask is: 255.255.255.0 set ipmi lan 1 defgw ipaddr is: 10.168.1.1 set enp3s0 ipaddr is: 10.168.1.215 The IPMI info get is:  'Error: Unable to establish IPMI v2 / RMCP+ session'ETH Test fail, IPMIinfo check failed, error code 05003SFP test start SFP port1 info is:   'b'Settings for enp184s0f0:\n\tSupported ports: [ FIBRE ]\n\tSupported link modes:   10000baseT/Full \n\tSupported pause frame use: Symmetric\n\tSupports auto-negotiation: No\n\tSupported FEC modes: Not reported\n\tAdvertised link modes:  10000baseT/Full \n\tAdvertised pause frame use: No\n\tAdvertised auto-negotiation: No\n\tAdvertised FEC modes: Not reported\n\tSpeed: 10000Mb/s\n\tDuplex: Full\n\tPort: Direct Attach Copper\n\tPHYAD: 0\n\tTransceiver: internal\n\tAuto-negotiation: off\n\tSupports Wake-on: g\n\tWake-on: g\n\tCurrent message level: 0x00000007 (7)\n\t\t\t       drv probe link\n\tLink detected: yes\n''SFP port2 info is:   'b'Settings for enp184s0f1:\n\tSupported ports: [ FIBRE ]\n\tSupported link modes:   10000baseT/Full \n\tSupported pause frame use: Symmetric\n\tSupports auto-negotiation: No\n\tSupported FEC modes: Not reported\n\tAdvertised link modes:  10000baseT/Full \n\tAdvertised pause frame use: No\n\tAdvertised auto-negotiation: No\n\tAdvertised FEC modes: Not reported\n\tSpeed: 10000Mb/s\n\tDuplex: Full\n\tPort: Direct Attach Copper\n\tPHYAD: 0\n\tTransceiver: internal\n\tAuto-negotiation: off\n\tSupports Wake-on: g\n\tWake-on: g\n\tCurrent message level: 0x00000007 (7)\n\t\t\t       drv probe link\n\tLink detected: yes\n''SFP port3 info is:   'b'Settings for enp184s0f2:\n\tSupported ports: [ FIBRE ]\n\tSupported link modes:   10000baseT/Full \n\tSupported pause frame use: Symmetric\n\tSupports auto-negotiation: No\n\tSupported FEC modes: Not reported\n\tAdvertised link modes:  10000baseT/Full \n\tAdvertised pause frame use: No\n\tAdvertised auto-negotiation: No\n\tAdvertised FEC modes: Not reported\n\tSpeed: 10000Mb/s\n\tDuplex: Full\n\tPort: Direct Attach Copper\n\tPHYAD: 0\n\tTransceiver: internal\n\tAuto-negotiation: off\n\tSupports Wake-on: g\n\tWake-on: g\n\tCurrent message level: 0x00000007 (7)\n\t\t\t       drv probe link\n\tLink detected: yes\n''SFP port4 info is:   'b'Settings for enp184s0f3:\n\tSupported ports: [ FIBRE ]\n\tSupported link modes:   10000baseT/Full \n\tSupported pause frame use: Symmetric\n\tSupports auto-negotiation: No\n\tSupported FEC modes: Not reported\n\tAdvertised link modes:  10000baseT/Full \n\tAdvertised pause frame use: No\n\tAdvertised auto-negotiation: No\n\tAdvertised FEC modes: Not reported\n\tSpeed: 10000Mb/s\n\tDuplex: Full\n\tPort: Direct Attach Copper\n\tPHYAD: 0\n\tTransceiver: internal\n\tAuto-negotiation: off\n\tSupports Wake-on: g\n\tWake-on: g\n\tCurrent message level: 0x00000007 (7)\n\t\t\t       drv probe link\n\tLink detected: yes\n''the '1' upper SFP ping info is:   'b'PING 192.168.1.30 (192.168.1.30) from 192.168.1.31 : 56(84) bytes of data.\n64 bytes from 192.168.1.30: icmp_seq=1 ttl=64 time=0.205 ms\n64 bytes from 192.168.1.30: icmp_seq=2 ttl=64 time=0.075 ms\n64 bytes from 192.168.1.30: icmp_seq=3 ttl=64 time=0.144 ms\n64 bytes from 192.168.1.30: icmp_seq=4 ttl=64 time=0.191 ms\n64 bytes from 192.168.1.30: icmp_seq=5 ttl=64 time=0.153 ms\n64 bytes from 192.168.1.30: icmp_seq=6 ttl=64 time=0.155 ms\n64 bytes from 192.168.1.30: icmp_seq=7 ttl=64 time=0.187 ms\n64 bytes from 192.168.1.30: icmp_seq=8 ttl=64 time=0.150 ms\n64 bytes from 192.168.1.30: icmp_seq=9 ttl=64 time=0.180 ms\n64 bytes from 192.168.1.30: icmp_seq=10 ttl=64 time=0.149 ms\n64 bytes from 192.168.1.30: icmp_seq=11 ttl=64 time=0.208 ms\n64 bytes from 192.168.1.30: icmp_seq=12 ttl=64 time=0.161 ms\n64 bytes from 192.168.1.30: icmp_seq=13 ttl=64 time=0.185 ms\n64 bytes from 192.168.1.30: icmp_seq=14 ttl=64 time=0.198 ms\n64 bytes from 192.168.1.30: icmp_seq=15 ttl=64 time=0.162 ms\n\n--- 192.168.1.30 ping statistics ---\n15 packets transmitted, 15 received, 0% packet loss, time 14018ms\nrtt min/avg/max/mdev = 0.075/0.166/0.208/0.036 ms\n''the '1' under SFP ping info is:   'b'PING 192.168.2.30 (192.168.2.30) from 192.168.2.31 : 56(84) bytes of data.\n64 bytes from 192.168.2.30: icmp_seq=1 ttl=64 time=0.210 ms\n64 bytes from 192.168.2.30: icmp_seq=2 ttl=64 time=0.073 ms\n64 bytes from 192.168.2.30: icmp_seq=3 ttl=64 time=0.138 ms\n64 bytes from 192.168.2.30: icmp_seq=4 ttl=64 time=0.129 ms\n64 bytes from 192.168.2.30: icmp_seq=5 ttl=64 time=0.194 ms\n64 bytes from 192.168.2.30: icmp_seq=6 ttl=64 time=0.148 ms\n64 bytes from 192.168.2.30: icmp_seq=7 ttl=64 time=0.152 ms\n64 bytes from 192.168.2.30: icmp_seq=8 ttl=64 time=0.152 ms\n64 bytes from 192.168.2.30: icmp_seq=9 ttl=64 time=0.209 ms\n64 bytes from 192.168.2.30: icmp_seq=10 ttl=64 time=0.152 ms\n64 bytes from 192.168.2.30: icmp_seq=11 ttl=64 time=0.150 ms\n64 bytes from 192.168.2.30: icmp_seq=12 ttl=64 time=0.152 ms\n64 bytes from 192.168.2.30: icmp_seq=13 ttl=64 time=0.143 ms\n64 bytes from 192.168.2.30: icmp_seq=14 ttl=64 time=0.149 ms\n64 bytes from 192.168.2.30: icmp_seq=15 ttl=64 time=0.129 ms\n\n--- 192.168.2.30 ping statistics ---\n15 packets transmitted, 15 received, 0% packet loss, time 14005ms\nrtt min/avg/max/mdev = 0.073/0.152/0.210/0.032 ms\n''the '2' upper SFP ping info is:   'b'PING 192.168.1.30 (192.168.1.30) from 192.168.1.31 : 56(84) bytes of data.\n64 bytes from 192.168.1.30: icmp_seq=1 ttl=64 time=0.113 ms\n64 bytes from 192.168.1.30: icmp_seq=2 ttl=64 time=0.161 ms\n64 bytes from 192.168.1.30: icmp_seq=3 ttl=64 time=0.154 ms\n64 bytes from 192.168.1.30: icmp_seq=4 ttl=64 time=0.195 ms\n64 bytes from 192.168.1.30: icmp_seq=5 ttl=64 time=0.155 ms\n64 bytes from 192.168.1.30: icmp_seq=6 ttl=64 time=0.199 ms\n64 bytes from 192.168.1.30: icmp_seq=7 ttl=64 time=0.152 ms\n64 bytes from 192.168.1.30: icmp_seq=8 ttl=64 time=0.194 ms\n64 bytes from 192.168.1.30: icmp_seq=9 ttl=64 time=0.151 ms\n64 bytes from 192.168.1.30: icmp_seq=10 ttl=64 time=0.155 ms\n64 bytes from 192.168.1.30: icmp_seq=11 ttl=64 time=0.201 ms\n64 bytes from 192.168.1.30: icmp_seq=12 ttl=64 time=0.145 ms\n64 bytes from 192.168.1.30: icmp_seq=13 ttl=64 time=0.153 ms\n64 bytes from 192.168.1.30: icmp_seq=14 ttl=64 time=0.200 ms\n64 bytes from 192.168.1.30: icmp_seq=15 ttl=64 time=0.117 ms\n\n--- 192.168.1.30 ping statistics ---\n15 packets transmitted, 15 received, 0% packet loss, time 14010ms\nrtt min/avg/max/mdev = 0.113/0.163/0.201/0.027 ms\n''the '2' under SFP ping info is:   'b'PING 192.168.2.30 (192.168.2.30) from 192.168.2.31 : 56(84) bytes of data.\n64 bytes from 192.168.2.30: icmp_seq=1 ttl=64 time=0.132 ms\n64 bytes from 192.168.2.30: icmp_seq=2 ttl=64 time=0.110 ms\n64 bytes from 192.168.2.30: icmp_seq=3 ttl=64 time=0.076 ms\n64 bytes from 192.168.2.30: icmp_seq=4 ttl=64 time=0.187 ms\n64 bytes from 192.168.2.30: icmp_seq=5 ttl=64 time=0.182 ms\n64 bytes from 192.168.2.30: icmp_seq=6 ttl=64 time=0.188 ms\n64 bytes from 192.168.2.30: icmp_seq=7 ttl=64 time=0.154 ms\n64 bytes from 192.168.2.30: icmp_seq=8 ttl=64 time=0.152 ms\n64 bytes from 192.168.2.30: icmp_seq=9 ttl=64 time=0.137 ms\n64 bytes from 192.168.2.30: icmp_seq=10 ttl=64 time=0.151 ms\n64 bytes from 192.168.2.30: icmp_seq=11 ttl=64 time=0.130 ms\n64 bytes from 192.168.2.30: icmp_seq=12 ttl=64 time=0.140 ms\n64 bytes from 192.168.2.30: icmp_seq=13 ttl=64 time=0.146 ms\n64 bytes from 192.168.2.30: icmp_seq=14 ttl=64 time=0.155 ms\n64 bytes from 192.168.2.30: icmp_seq=15 ttl=64 time=0.150 ms\n\n--- 192.168.2.30 ping statistics ---\n15 packets transmitted, 15 received, 0% packet loss, time 14006ms\nrtt min/avg/max/mdev = 0.076/0.146/0.188/0.027 ms\n''the '3' upper SFP ping info is:   'b'PING 192.168.1.30 (192.168.1.30) from 192.168.1.31 : 56(84) bytes of data.\n64 bytes from 192.168.1.30: icmp_seq=1 ttl=64 time=0.112 ms\n64 bytes from 192.168.1.30: icmp_seq=2 ttl=64 time=0.078 ms\n64 bytes from 192.168.1.30: icmp_seq=3 ttl=64 time=0.068 ms\n64 bytes from 192.168.1.30: icmp_seq=4 ttl=64 time=0.150 ms\n64 bytes from 192.168.1.30: icmp_seq=5 ttl=64 time=0.157 ms\n64 bytes from 192.168.1.30: icmp_seq=6 ttl=64 time=0.200 ms\n64 bytes from 192.168.1.30: icmp_seq=7 ttl=64 time=0.151 ms\n64 bytes from 192.168.1.30: icmp_seq=8 ttl=64 time=0.167 ms\n64 bytes from 192.168.1.30: icmp_seq=9 ttl=64 time=0.153 ms\n64 bytes from 192.168.1.30: icmp_seq=10 ttl=64 time=0.187 ms\n64 bytes from 192.168.1.30: icmp_seq=11 ttl=64 time=0.158 ms\n64 bytes from 192.168.1.30: icmp_seq=12 ttl=64 time=0.200 ms\n64 bytes from 192.168.1.30: icmp_seq=13 ttl=64 time=0.153 ms\n64 bytes from 192.168.1.30: icmp_seq=14 ttl=64 time=0.197 ms\n64 bytes from 192.168.1.30: icmp_seq=15 ttl=64 time=0.156 ms\n\n--- 192.168.1.30 ping statistics ---\n15 packets transmitted, 15 received, 0% packet loss, time 14022ms\nrtt min/avg/max/mdev = 0.068/0.152/0.200/0.040 ms\n''the '3' under SFP ping info is:   'b'PING 192.168.2.30 (192.168.2.30) from 192.168.2.31 : 56(84) bytes of data.\n64 bytes from 192.168.2.30: icmp_seq=1 ttl=64 time=0.113 ms\n64 bytes from 192.168.2.30: icmp_seq=2 ttl=64 time=0.073 ms\n64 bytes from 192.168.2.30: icmp_seq=3 ttl=64 time=0.081 ms\n64 bytes from 192.168.2.30: icmp_seq=4 ttl=64 time=0.069 ms\n64 bytes from 192.168.2.30: icmp_seq=5 ttl=64 time=0.136 ms\n64 bytes from 192.168.2.30: icmp_seq=6 ttl=64 time=0.136 ms\n64 bytes from 192.168.2.30: icmp_seq=7 ttl=64 time=0.151 ms\n64 bytes from 192.168.2.30: icmp_seq=8 ttl=64 time=0.154 ms\n64 bytes from 192.168.2.30: icmp_seq=9 ttl=64 time=0.143 ms\n64 bytes from 192.168.2.30: icmp_seq=10 ttl=64 time=0.151 ms\n64 bytes from 192.168.2.30: icmp_seq=11 ttl=64 time=0.142 ms\n64 bytes from 192.168.2.30: icmp_seq=12 ttl=64 time=0.142 ms\n64 bytes from 192.168.2.30: icmp_seq=13 ttl=64 time=0.149 ms\n64 bytes from 192.168.2.30: icmp_seq=14 ttl=64 time=0.149 ms\n64 bytes from 192.168.2.30: icmp_seq=15 ttl=64 time=0.149 ms\n\n--- 192.168.2.30 ping statistics ---\n15 packets transmitted, 15 received, 0% packet loss, time 14011ms\nrtt min/avg/max/mdev = 0.069/0.129/0.154/0.030 ms\n''the '4' upper SFP ping info is:   'b'PING 192.168.1.30 (192.168.1.30) from 192.168.1.31 : 56(84) bytes of data.\n64 bytes from 192.168.1.30: icmp_seq=1 ttl=64 time=0.109 ms\n64 bytes from 192.168.1.30: icmp_seq=2 ttl=64 time=0.088 ms\n64 bytes from 192.168.1.30: icmp_seq=3 ttl=64 time=0.138 ms\n64 bytes from 192.168.1.30: icmp_seq=4 ttl=64 time=0.155 ms\n64 bytes from 192.168.1.30: icmp_seq=5 ttl=64 time=0.197 ms\n64 bytes from 192.168.1.30: icmp_seq=6 ttl=64 time=0.151 ms\n64 bytes from 192.168.1.30: icmp_seq=7 ttl=64 time=0.187 ms\n64 bytes from 192.168.1.30: icmp_seq=8 ttl=64 time=0.155 ms\n64 bytes from 192.168.1.30: icmp_seq=9 ttl=64 time=0.158 ms\n64 bytes from 192.168.1.30: icmp_seq=10 ttl=64 time=0.180 ms\n64 bytes from 192.168.1.30: icmp_seq=11 ttl=64 time=0.154 ms\n64 bytes from 192.168.1.30: icmp_seq=12 ttl=64 time=0.152 ms\n64 bytes from 192.168.1.30: icmp_seq=13 ttl=64 time=0.179 ms\n64 bytes from 192.168.1.30: icmp_seq=14 ttl=64 time=0.137 ms\n64 bytes from 192.168.1.30: icmp_seq=15 ttl=64 time=0.201 ms\n\n--- 192.168.1.30 ping statistics ---\n15 packets transmitted, 15 received, 0% packet loss, time 14023ms\nrtt min/avg/max/mdev = 0.088/0.156/0.201/0.030 ms\n''the '4' under SFP ping info is:   'b'PING 192.168.2.30 (192.168.2.30) from 192.168.2.31 : 56(84) bytes of data.\n64 bytes from 192.168.2.30: icmp_seq=1 ttl=64 time=0.113 ms\n64 bytes from 192.168.2.30: icmp_seq=2 ttl=64 time=0.080 ms\n64 bytes from 192.168.2.30: icmp_seq=3 ttl=64 time=0.112 ms\n64 bytes from 192.168.2.30: icmp_seq=4 ttl=64 time=0.067 ms\n64 bytes from 192.168.2.30: icmp_seq=5 ttl=64 time=0.108 ms\n64 bytes from 192.168.2.30: icmp_seq=6 ttl=64 time=0.134 ms\n64 bytes from 192.168.2.30: icmp_seq=7 ttl=64 time=0.193 ms\n64 bytes from 192.168.2.30: icmp_seq=8 ttl=64 time=0.135 ms\n64 bytes from 192.168.2.30: icmp_seq=9 ttl=64 time=0.195 ms\n64 bytes from 192.168.2.30: icmp_seq=10 ttl=64 time=0.153 ms\n64 bytes from 192.168.2.30: icmp_seq=11 ttl=64 time=0.147 ms\n64 bytes from 192.168.2.30: icmp_seq=12 ttl=64 time=0.154 ms\n64 bytes from 192.168.2.30: icmp_seq=13 ttl=64 time=0.136 ms\n64 bytes from 192.168.2.30: icmp_seq=14 ttl=64 time=0.149 ms\n64 bytes from 192.168.2.30: icmp_seq=15 ttl=64 time=0.151 ms\n\n--- 192.168.2.30 ping statistics ---\n15 packets transmitted, 15 received, 0% packet loss, time 14007ms\nrtt min/avg/max/mdev = 0.067/0.135/0.195/0.034 ms\n''the '5' upper SFP ping info is:   'b'PING 192.168.1.30 (192.168.1.30) from 192.168.1.31 : 56(84) bytes of data.\n64 bytes from 192.168.1.30: icmp_seq=1 ttl=64 time=0.103 ms\n64 bytes from 192.168.1.30: icmp_seq=2 ttl=64 time=0.075 ms\n64 bytes from 192.168.1.30: icmp_seq=3 ttl=64 time=0.075 ms\n64 bytes from 192.168.1.30: icmp_seq=4 ttl=64 time=0.153 ms\n64 bytes from 192.168.1.30: icmp_seq=5 ttl=64 time=0.152 ms\n64 bytes from 192.168.1.30: icmp_seq=6 ttl=64 time=0.193 ms\n64 bytes from 192.168.1.30: icmp_seq=7 ttl=64 time=0.153 ms\n64 bytes from 192.168.1.30: icmp_seq=8 ttl=64 time=0.153 ms\n64 bytes from 192.168.1.30: icmp_seq=9 ttl=64 time=0.152 ms\n64 bytes from 192.168.1.30: icmp_seq=10 ttl=64 time=0.151 ms\n64 bytes from 192.168.1.30: icmp_seq=11 ttl=64 time=0.179 ms\n64 bytes from 192.168.1.30: icmp_seq=12 ttl=64 time=0.148 ms\n64 bytes from 192.168.1.30: icmp_seq=13 ttl=64 time=0.197 ms\n64 bytes from 192.168.1.30: icmp_seq=14 ttl=64 time=0.146 ms\n64 bytes from 192.168.1.30: icmp_seq=15 ttl=64 time=0.152 ms\n\n--- 192.168.1.30 ping statistics ---\n15 packets transmitted, 15 received, 0% packet loss, time 14004ms\nrtt min/avg/max/mdev = 0.075/0.145/0.197/0.036 ms\n''the '5' under SFP ping info is:   'b'PING 192.168.2.30 (192.168.2.30) from 192.168.2.31 : 56(84) bytes of data.\n64 bytes from 192.168.2.30: icmp_seq=1 ttl=64 time=0.115 ms\n64 bytes from 192.168.2.30: icmp_seq=2 ttl=64 time=0.075 ms\n64 bytes from 192.168.2.30: icmp_seq=3 ttl=64 time=0.071 ms\n64 bytes from 192.168.2.30: icmp_seq=4 ttl=64 time=0.063 ms\n64 bytes from 192.168.2.30: icmp_seq=5 ttl=64 time=0.066 ms\n64 bytes from 192.168.2.30: icmp_seq=6 ttl=64 time=0.128 ms\n64 bytes from 192.168.2.30: icmp_seq=7 ttl=64 time=0.138 ms\n64 bytes from 192.168.2.30: icmp_seq=8 ttl=64 time=0.137 ms\n64 bytes from 192.168.2.30: icmp_seq=9 ttl=64 time=0.136 ms\n64 bytes from 192.168.2.30: icmp_seq=10 ttl=64 time=0.155 ms\n64 bytes from 192.168.2.30: icmp_seq=11 ttl=64 time=0.151 ms\n64 bytes from 192.168.2.30: icmp_seq=12 ttl=64 time=0.125 ms\n64 bytes from 192.168.2.30: icmp_seq=13 ttl=64 time=0.150 ms\n64 bytes from 192.168.2.30: icmp_seq=14 ttl=64 time=0.142 ms\n64 bytes from 192.168.2.30: icmp_seq=15 ttl=64 time=0.152 ms\n\n--- 192.168.2.30 ping statistics ---\n15 packets transmitted, 15 received, 0% packet loss, time 14006ms\nrtt min/avg/max/mdev = 0.063/0.120/0.155/0.033 ms\n''the '6' upper SFP ping info is:   'b'PING 192.168.1.30 (192.168.1.30) from 192.168.1.31 : 56(84) bytes of data.\n64 bytes from 192.168.1.30: icmp_seq=1 ttl=64 time=0.108 ms\n64 bytes from 192.168.1.30: icmp_seq=2 ttl=64 time=0.061 ms\n64 bytes from 192.168.1.30: icmp_seq=3 ttl=64 time=0.078 ms\n64 bytes from 192.168.1.30: icmp_seq=4 ttl=64 time=0.185 ms\n64 bytes from 192.168.1.30: icmp_seq=5 ttl=64 time=0.185 ms\n64 bytes from 192.168.1.30: icmp_seq=6 ttl=64 time=0.153 ms\n64 bytes from 192.168.1.30: icmp_seq=7 ttl=64 time=0.182 ms\n64 bytes from 192.168.1.30: icmp_seq=8 ttl=64 time=0.154 ms\n64 bytes from 192.168.1.30: icmp_seq=9 ttl=64 time=0.181 ms\n64 bytes from 192.168.1.30: icmp_seq=10 ttl=64 time=0.153 ms\n64 bytes from 192.168.1.30: icmp_seq=11 ttl=64 time=0.158 ms\n64 bytes from 192.168.1.30: icmp_seq=12 ttl=64 time=0.198 ms\n64 bytes from 192.168.1.30: icmp_seq=13 ttl=64 time=0.152 ms\n64 bytes from 192.168.1.30: icmp_seq=14 ttl=64 time=0.154 ms\n64 bytes from 192.168.1.30: icmp_seq=15 ttl=64 time=0.195 ms\n\n--- 192.168.1.30 ping statistics ---\n15 packets transmitted, 15 received, 0% packet loss, time 14018ms\nrtt min/avg/max/mdev = 0.061/0.153/0.198/0.040 ms\n''the '6' under SFP ping info is:   'b'PING 192.168.2.30 (192.168.2.30) from 192.168.2.31 : 56(84) bytes of data.\n64 bytes from 192.168.2.30: icmp_seq=1 ttl=64 time=0.109 ms\n64 bytes from 192.168.2.30: icmp_seq=2 ttl=64 time=0.182 ms\n64 bytes from 192.168.2.30: icmp_seq=3 ttl=64 time=0.154 ms\n64 bytes from 192.168.2.30: icmp_seq=4 ttl=64 time=0.200 ms\n64 bytes from 192.168.2.30: icmp_seq=5 ttl=64 time=0.188 ms\n64 bytes from 192.168.2.30: icmp_seq=6 ttl=64 time=0.156 ms\n64 bytes from 192.168.2.30: icmp_seq=7 ttl=64 time=0.155 ms\n64 bytes from 192.168.2.30: icmp_seq=8 ttl=64 time=0.150 ms\n64 bytes from 192.168.2.30: icmp_seq=9 ttl=64 time=0.145 ms\n64 bytes from 192.168.2.30: icmp_seq=10 ttl=64 time=0.152 ms\n64 bytes from 192.168.2.30: icmp_seq=11 ttl=64 time=0.144 ms\n64 bytes from 192.168.2.30: icmp_seq=12 ttl=64 time=0.149 ms\n64 bytes from 192.168.2.30: icmp_seq=13 ttl=64 time=0.144 ms\n64 bytes from 192.168.2.30: icmp_seq=14 ttl=64 time=0.152 ms\n64 bytes from 192.168.2.30: icmp_seq=15 ttl=64 time=0.153 ms\n\n--- 192.168.2.30 ping statistics ---\n15 packets transmitted, 15 received, 0% packet loss, time 14007ms\nrtt min/avg/max/mdev = 0.109/0.155/0.200/0.024 ms\n''SFP Test PassCPU test start CPU info is:  'b'model name\t: Intel(R) Xeon(R) D-2177NT CPU @ 1.90GHz\nmodel name\t: Intel(R) Xeon(R) D-2177NT CPU @ 1.90GHz\nmodel name\t: Intel(R) Xeon(R) D-2177NT CPU @ 1.90GHz\nmodel name\t: Intel(R) Xeon(R) D-2177NT CPU @ 1.90GHz\nmodel name\t: Intel(R) Xeon(R) D-2177NT CPU @ 1.90GHz\nmodel name\t: Intel(R) Xeon(R) D-2177NT CPU @ 1.90GHz\nmodel name\t: Intel(R) Xeon(R) D-2177NT CPU @ 1.90GHz\nmodel name\t: Intel(R) Xeon(R) D-2177NT CPU @ 1.90GHz\nmodel name\t: Intel(R) Xeon(R) D-2177NT CPU @ 1.90GHz\nmodel name\t: Intel(R) Xeon(R) D-2177NT CPU @ 1.90GHz\nmodel name\t: Intel(R) Xeon(R) D-2177NT CPU @ 1.90GHz\nmodel name\t: Intel(R) Xeon(R) D-2177NT CPU @ 1.90GHz\nmodel name\t: Intel(R) Xeon(R) D-2177NT CPU @ 1.90GHz\nmodel name\t: Intel(R) Xeon(R) D-2177NT CPU @ 1.90GHz\nmodel name\t: Intel(R) Xeon(R) D-2177NT CPU @ 1.90GHz\nmodel name\t: Intel(R) Xeon(R) D-2177NT CPU @ 1.90GHz\nmodel name\t: Intel(R) Xeon(R) D-2177NT CPU @ 1.90GHz\nmodel name\t: Intel(R) Xeon(R) D-2177NT CPU @ 1.90GHz\nmodel name\t: Intel(R) Xeon(R) D-2177NT CPU @ 1.90GHz\nmodel name\t: Intel(R) Xeon(R) D-2177NT CPU @ 1.90GHz\nmodel name\t: Intel(R) Xeon(R) D-2177NT CPU @ 1.90GHz\nmodel name\t: Intel(R) Xeon(R) D-2177NT CPU @ 1.90GHz\nmodel name\t: Intel(R) Xeon(R) D-2177NT CPU @ 1.90GHz\nmodel name\t: Intel(R) Xeon(R) D-2177NT CPU @ 1.90GHz\nmodel name\t: Intel(R) Xeon(R) D-2177NT CPU @ 1.90GHz\nmodel name\t: Intel(R) Xeon(R) D-2177NT CPU @ 1.90GHz\nmodel name\t: Intel(R) Xeon(R) D-2177NT CPU @ 1.90GHz\nmodel name\t: Intel(R) Xeon(R) D-2177NT CPU @ 1.90GHz\n''CPU number is:  '28'CPU Test PassMEMORY test start MEM total info is:  'b'MemTotal:       98475740 kB\n''MEM free info is:  'b'MemFree:        95465684 kB\n''Memory Test PassCONSOLE test start CONSOLE Test Failed, no console port detect, error code 19002 USB test start Mouse info is:  'b'Bus 001 Device 008: ID 046b:ff10 American Megatrends, Inc. Virtual Keyboard and Mouse\n  idProduct          0xff10 Virtual Keyboard and Mouse\n  iProduct                2 Virtual Keyboard and Mouse\n      bInterfaceProtocol      2 Mouse\n      iInterface              4 Mouse Interface\n      bInterfaceProtocol      2 Mouse\n''Keyboard info is:  'b'Bus 001 Device 008: ID 046b:ff10 American Megatrends, Inc. Virtual Keyboard and Mouse\n  idProduct          0xff10 Virtual Keyboard and Mouse\n  iProduct                2 Virtual Keyboard and Mouse\n      bInterfaceProtocol      1 Keyboard\n      iInterface              3 Keyboard Interface\n      bInterfaceProtocol      1 Keyboard\n''USB info is:  'b'      bInterfaceProtocol     80 Bulk-Only\n''USB Test failed, usn device number is 1 error code is 04001PCIE test start PCIE Ethernet info is:  'b'03:00.0 Ethernet controller: Intel Corporation I210 Gigabit Network Connection (rev 03)\n''PCIE chip info is:  'b'04:00.0 PCI bridge: ASPEED Technology, Inc. AST1150 PCI-to-PCI Bridge (rev 04)\n''pcie external graphic card is:  'b'17:00.0 VGA compatible controller: Advanced Micro Devices, Inc. [AMD/ATI] Caicos [Radeon HD 6450/7450/8450 / R5 230 OEM]\n17:00.1 Audio device: Advanced Micro Devices, Inc. [AMD/ATI] Caicos HDMI Audio [Radeon HD 6450 / 7450/8450/8490 OEM / R5 230/235/235X OEM]\n65:00.0 VGA compatible controller: Advanced Micro Devices, Inc. [AMD/ATI] Caicos [Radeon HD 6450/7450/8450 / R5 230 OEM]\n65:00.1 Audio device: Advanced Micro Devices, Inc. [AMD/ATI] Caicos HDMI Audio [Radeon HD 6450 / 7450/8450/8490 OEM / R5 230/235/235X OEM]\n''PCIEX Ethernet Value is:  'b'''PCIE chip value is:  'b'\t\tLnkCap:\tPort #0, Speed 2.5GT/s, Width x1, ASPM L0s L1, Exit Latency L0s <2us, L1 <16us\n\t\tLnkSta:\tSpeed 2.5GT/s, Width x1, TrErr- Train- SlotClk+ DLActive- BWMgmt- ABWMgmt-\n''pcie 1st external card value is:  'b'\t\tLnkCap:\tPort #0, Speed 5GT/s, Width x16, ASPM L0s L1, Exit Latency L0s <64ns, L1 <1us\n\t\tLnkSta:\tSpeed 2.5GT/s, Width x16, TrErr- Train- SlotClk+ DLActive- BWMgmt- ABWMgmt-\n''pcie 2nd external card value is:  'b'\t\tLnkCap:\tPort #0, Speed 5GT/s, Width x16, ASPM L0s L1, Exit Latency L0s <64ns, L1 <1us\n\t\tLnkSta:\tSpeed 2.5GT/s, Width x16, TrErr- Train- SlotClk+ DLActive- BWMgmt- ABWMgmt-\n''Pcie Test PassSATA test start The disk info is:  'b'\nDisk /dev/sda: 120.0 GB, 120034123776 bytes, 234441648 sectors\nUnits = sectors of 1 * 512 = 512 bytes\nSector size (logical/physical): 512 bytes / 512 bytes\nI/O size (minimum/optimal): 512 bytes / 512 bytes\n\n\nDisk /dev/sdb: 120.0 GB, 120034123776 bytes, 234441648 sectors\nUnits = sectors of 1 * 512 = 512 bytes\nSector size (logical/physical): 512 bytes / 512 bytes\nI/O size (minimum/optimal): 512 bytes / 512 bytes\nDisk label type: dos\nDisk identifier: 0x00093432\n\n   Device Boot      Start         End      Blocks   Id  System\n/dev/sdb1   *        2048     2099199     1048576   83  Linux\n/dev/sdb2         2099200   250068991   123984896   8e  Linux LVM\n\nDisk /dev/sdc: 512.1 GB, 512110190592 bytes, 1000215216 sectors\nUnits = sectors of 1 * 512 = 512 bytes\nSector size (logical/physical): 512 bytes / 512 bytes\nI/O size (minimum/optimal): 512 bytes / 512 bytes\n\n\nDisk /dev/sdd: 31.2 GB, 31205621760 bytes, 60948480 sectors\nUnits = sectors of 1 * 512 = 512 bytes\nSector size (logical/physical): 512 bytes / 512 bytes\nI/O size (minimum/optimal): 512 bytes / 512 bytes\nDisk label type: dos\nDisk identifier: 0x00000000\n\n   Device Boot      Start         End      Blocks   Id  System\n/dev/sdd1               1    30031249    15015624+  ee  GPT\n\nDisk /dev/mapper/centos-root: 12.5 GB, 12549357568 bytes, 24510464 sectors\nUnits = sectors of 1 * 512 = 512 bytes\nSector size (logical/physical): 512 bytes / 512 bytes\nI/O size (minimum/optimal): 512 bytes / 512 bytes\n\n\nDisk /dev/mapper/centos-swap: 1539 MB, 1539309568 bytes, 3006464 sectors\nUnits = sectors of 1 * 512 = 512 bytes\nSector size (logical/physical): 512 bytes / 512 bytes\nI/O size (minimum/optimal): 512 bytes / 512 bytes\n\n\nDisk /dev/nvme0n1: 1024.2 GB, 1024209543168 bytes, 2000409264 sectors\nUnits = sectors of 1 * 512 = 512 bytes\nSector size (logical/physical): 512 bytes / 512 bytes\nI/O size (minimum/optimal): 512 bytes / 512 bytes\nDisk label type: dos\nDisk identifier: 0x000c1abd\n\n        Device Boot      Start         End      Blocks   Id  System\n/dev/nvme0n1p1   *        2048     2099199     1048576   83  Linux\n/dev/nvme0n1p2         2099200   468860927   233380864   8e  Linux LVM\n\nDisk /dev/mapper/cl-swap: 8388 MB, 8388608000 bytes, 16384000 sectors\nUnits = sectors of 1 * 512 = 512 bytes\nSector size (logical/physical): 512 bytes / 512 bytes\nI/O size (minimum/optimal): 512 bytes / 512 bytes\n\n\nDisk /dev/mapper/cl-home: 64.9 GB, 64877494272 bytes, 126713856 sectors\nUnits = sectors of 1 * 512 = 512 bytes\nSector size (logical/physical): 512 bytes / 512 bytes\nI/O size (minimum/optimal): 512 bytes / 512 bytes\n\n''SATA test PassM.2 test start The disk info is:  'b'\nDisk /dev/sda: 120.0 GB, 120034123776 bytes, 234441648 sectors\nUnits = sectors of 1 * 512 = 512 bytes\nSector size (logical/physical): 512 bytes / 512 bytes\nI/O size (minimum/optimal): 512 bytes / 512 bytes\n\n\nDisk /dev/sdb: 120.0 GB, 120034123776 bytes, 234441648 sectors\nUnits = sectors of 1 * 512 = 512 bytes\nSector size (logical/physical): 512 bytes / 512 bytes\nI/O size (minimum/optimal): 512 bytes / 512 bytes\nDisk label type: dos\nDisk identifier: 0x00093432\n\n   Device Boot      Start         End      Blocks   Id  System\n/dev/sdb1   *        2048     2099199     1048576   83  Linux\n/dev/sdb2         2099200   250068991   123984896   8e  Linux LVM\n\nDisk /dev/sdc: 512.1 GB, 512110190592 bytes, 1000215216 sectors\nUnits = sectors of 1 * 512 = 512 bytes\nSector size (logical/physical): 512 bytes / 512 bytes\nI/O size (minimum/optimal): 512 bytes / 512 bytes\n\n\nDisk /dev/sdd: 31.2 GB, 31205621760 bytes, 60948480 sectors\nUnits = sectors of 1 * 512 = 512 bytes\nSector size (logical/physical): 512 bytes / 512 bytes\nI/O size (minimum/optimal): 512 bytes / 512 bytes\nDisk label type: dos\nDisk identifier: 0x00000000\n\n   Device Boot      Start         End      Blocks   Id  System\n/dev/sdd1               1    30031249    15015624+  ee  GPT\n\nDisk /dev/mapper/centos-root: 12.5 GB, 12549357568 bytes, 24510464 sectors\nUnits = sectors of 1 * 512 = 512 bytes\nSector size (logical/physical): 512 bytes / 512 bytes\nI/O size (minimum/optimal): 512 bytes / 512 bytes\n\n\nDisk /dev/mapper/centos-swap: 1539 MB, 1539309568 bytes, 3006464 sectors\nUnits = sectors of 1 * 512 = 512 bytes\nSector size (logical/physical): 512 bytes / 512 bytes\nI/O size (minimum/optimal): 512 bytes / 512 bytes\n\n\nDisk /dev/nvme0n1: 1024.2 GB, 1024209543168 bytes, 2000409264 sectors\nUnits = sectors of 1 * 512 = 512 bytes\nSector size (logical/physical): 512 bytes / 512 bytes\nI/O size (minimum/optimal): 512 bytes / 512 bytes\nDisk label type: dos\nDisk identifier: 0x000c1abd\n\n        Device Boot      Start         End      Blocks   Id  System\n/dev/nvme0n1p1   *        2048     2099199     1048576   83  Linux\n/dev/nvme0n1p2         2099200   468860927   233380864   8e  Linux LVM\n\nDisk /dev/mapper/cl-swap: 8388 MB, 8388608000 bytes, 16384000 sectors\nUnits = sectors of 1 * 512 = 512 bytes\nSector size (logical/physical): 512 bytes / 512 bytes\nI/O size (minimum/optimal): 512 bytes / 512 bytes\n\n\nDisk /dev/mapper/cl-home: 64.9 GB, 64877494272 bytes, 126713856 sectors\nUnits = sectors of 1 * 512 = 512 bytes\nSector size (logical/physical): 512 bytes / 512 bytes\nI/O size (minimum/optimal): 512 bytes / 512 bytes\n\n''M.2 test Pass