VGA test start The user choose light, VGA Test PassETH test start The ETH info is:  'b'Settings for enp2s0:\nNo data available\n''ETH Test fail, ethinfo check failed, error code 05002CPU test start CPU info is:  'b'model name\t: Intel(R) Xeon(R) D-2177NT CPU @ 1.90GHz\nmodel name\t: Intel(R) Xeon(R) D-2177NT CPU @ 1.90GHz\nmodel name\t: Intel(R) Xeon(R) D-2177NT CPU @ 1.90GHz\nmodel name\t: Intel(R) Xeon(R) D-2177NT CPU @ 1.90GHz\nmodel name\t: Intel(R) Xeon(R) D-2177NT CPU @ 1.90GHz\nmodel name\t: Intel(R) Xeon(R) D-2177NT CPU @ 1.90GHz\nmodel name\t: Intel(R) Xeon(R) D-2177NT CPU @ 1.90GHz\nmodel name\t: Intel(R) Xeon(R) D-2177NT CPU @ 1.90GHz\nmodel name\t: Intel(R) Xeon(R) D-2177NT CPU @ 1.90GHz\nmodel name\t: Intel(R) Xeon(R) D-2177NT CPU @ 1.90GHz\nmodel name\t: Intel(R) Xeon(R) D-2177NT CPU @ 1.90GHz\nmodel name\t: Intel(R) Xeon(R) D-2177NT CPU @ 1.90GHz\nmodel name\t: Intel(R) Xeon(R) D-2177NT CPU @ 1.90GHz\nmodel name\t: Intel(R) Xeon(R) D-2177NT CPU @ 1.90GHz\nmodel name\t: Intel(R) Xeon(R) D-2177NT CPU @ 1.90GHz\nmodel name\t: Intel(R) Xeon(R) D-2177NT CPU @ 1.90GHz\nmodel name\t: Intel(R) Xeon(R) D-2177NT CPU @ 1.90GHz\nmodel name\t: Intel(R) Xeon(R) D-2177NT CPU @ 1.90GHz\nmodel name\t: Intel(R) Xeon(R) D-2177NT CPU @ 1.90GHz\nmodel name\t: Intel(R) Xeon(R) D-2177NT CPU @ 1.90GHz\nmodel name\t: Intel(R) Xeon(R) D-2177NT CPU @ 1.90GHz\nmodel name\t: Intel(R) Xeon(R) D-2177NT CPU @ 1.90GHz\nmodel name\t: Intel(R) Xeon(R) D-2177NT CPU @ 1.90GHz\nmodel name\t: Intel(R) Xeon(R) D-2177NT CPU @ 1.90GHz\nmodel name\t: Intel(R) Xeon(R) D-2177NT CPU @ 1.90GHz\nmodel name\t: Intel(R) Xeon(R) D-2177NT CPU @ 1.90GHz\nmodel name\t: Intel(R) Xeon(R) D-2177NT CPU @ 1.90GHz\nmodel name\t: Intel(R) Xeon(R) D-2177NT CPU @ 1.90GHz\n''CPU number is:  '28'CPU Test PassMEMORY test start MEM total info is:  'b'MemTotal:       98475740 kB\n''MEM free info is:  'b'MemFree:        95638472 kB\n''Memory Test PassCONSOLE test start console port send value test console get value is: b'test' CONSOLE Test Pass USB test start Mouse info is:  'b'Bus 001 Device 008: ID 046b:ff10 American Megatrends, Inc. Virtual Keyboard and Mouse\n  idProduct          0xff10 Virtual Keyboard and Mouse\n  iProduct                2 Virtual Keyboard and Mouse\n      bInterfaceProtocol      2 Mouse\n      iInterface              4 Mouse Interface\n      bInterfaceProtocol      2 Mouse\n''Keyboard info is:  'b'Bus 001 Device 008: ID 046b:ff10 American Megatrends, Inc. Virtual Keyboard and Mouse\n  idProduct          0xff10 Virtual Keyboard and Mouse\n  iProduct                2 Virtual Keyboard and Mouse\n      bInterfaceProtocol      1 Keyboard\n      iInterface              3 Keyboard Interface\n      bInterfaceProtocol      1 Keyboard\n''USB info is:  'b'      bInterfaceProtocol     80 Bulk-Only\n''USB Test PassPCIE test start PCIE Ethernet info is:  'b'03:00.0 Ethernet controller: Intel Corporation I210 Gigabit Network Connection (rev 03)\n''PCIE chip info is:  'b'04:00.0 PCI bridge: ASPEED Technology, Inc. AST1150 PCI-to-PCI Bridge (rev 04)\n''pcie external graphic card is:  'b'17:00.0 VGA compatible controller: Advanced Micro Devices, Inc. [AMD/ATI] Caicos [Radeon HD 6450/7450/8450 / R5 230 OEM]\n17:00.1 Audio device: Advanced Micro Devices, Inc. [AMD/ATI] Caicos HDMI Audio [Radeon HD 6450 / 7450/8450/8490 OEM / R5 230/235/235X OEM]\n65:00.0 VGA compatible controller: Advanced Micro Devices, Inc. [AMD/ATI] Caicos [Radeon HD 6450/7450/8450 / R5 230 OEM]\n65:00.1 Audio device: Advanced Micro Devices, Inc. [AMD/ATI] Caicos HDMI Audio [Radeon HD 6450 / 7450/8450/8490 OEM / R5 230/235/235X OEM]\n''PCIEX Ethernet Value is:  'b'''PCIE chip value is:  'b'\t\tLnkCap:\tPort #0, Speed 2.5GT/s, Width x1, ASPM L0s L1, Exit Latency L0s <2us, L1 <16us\n\t\tLnkSta:\tSpeed 2.5GT/s, Width x1, TrErr- Train- SlotClk+ DLActive- BWMgmt- ABWMgmt-\n''pcie 1st external card value is:  'b'\t\tLnkCap:\tPort #0, Speed 5GT/s, Width x16, ASPM L0s L1, Exit Latency L0s <64ns, L1 <1us\n\t\tLnkSta:\tSpeed 2.5GT/s, Width x16, TrErr- Train- SlotClk+ DLActive- BWMgmt- ABWMgmt-\n''pcie 2nd external card value is:  'b'\t\tLnkCap:\tPort #0, Speed 5GT/s, Width x16, ASPM L0s L1, Exit Latency L0s <64ns, L1 <1us\n\t\tLnkSta:\tSpeed 2.5GT/s, Width x16, TrErr- Train- SlotClk+ DLActive- BWMgmt- ABWMgmt-\n''Pcie Test PassSATA test start The disk info is:  'b'\nDisk /dev/sda: 120.0 GB, 120034123776 bytes, 234441648 sectors\nUnits = sectors of 1 * 512 = 512 bytes\nSector size (logical/physical): 512 bytes / 512 bytes\nI/O size (minimum/optimal): 512 bytes / 512 bytes\n\n\nDisk /dev/sdb: 120.0 GB, 120034123776 bytes, 234441648 sectors\nUnits = sectors of 1 * 512 = 512 bytes\nSector size (logical/physical): 512 bytes / 512 bytes\nI/O size (minimum/optimal): 512 bytes / 512 bytes\nDisk label type: dos\nDisk identifier: 0x00093432\n\n   Device Boot      Start         End      Blocks   Id  System\n/dev/sdb1   *        2048     2099199     1048576   83  Linux\n/dev/sdb2         2099200   250068991   123984896   8e  Linux LVM\n\nDisk /dev/sdc: 512.1 GB, 512110190592 bytes, 1000215216 sectors\nUnits = sectors of 1 * 512 = 512 bytes\nSector size (logical/physical): 512 bytes / 512 bytes\nI/O size (minimum/optimal): 512 bytes / 512 bytes\n\n\nDisk /dev/sdd: 31.2 GB, 31205621760 bytes, 60948480 sectors\nUnits = sectors of 1 * 512 = 512 bytes\nSector size (logical/physical): 512 bytes / 512 bytes\nI/O size (minimum/optimal): 512 bytes / 512 bytes\nDisk label type: dos\nDisk identifier: 0x00000000\n\n   Device Boot      Start         End      Blocks   Id  System\n/dev/sdd1               1    30031249    15015624+  ee  GPT\n\nDisk /dev/mapper/centos-root: 12.5 GB, 12549357568 bytes, 24510464 sectors\nUnits = sectors of 1 * 512 = 512 bytes\nSector size (logical/physical): 512 bytes / 512 bytes\nI/O size (minimum/optimal): 512 bytes / 512 bytes\n\n\nDisk /dev/mapper/centos-swap: 1539 MB, 1539309568 bytes, 3006464 sectors\nUnits = sectors of 1 * 512 = 512 bytes\nSector size (logical/physical): 512 bytes / 512 bytes\nI/O size (minimum/optimal): 512 bytes / 512 bytes\n\n\nDisk /dev/nvme0n1: 1024.2 GB, 1024209543168 bytes, 2000409264 sectors\nUnits = sectors of 1 * 512 = 512 bytes\nSector size (logical/physical): 512 bytes / 512 bytes\nI/O size (minimum/optimal): 512 bytes / 512 bytes\nDisk label type: dos\nDisk identifier: 0x000c1abd\n\n        Device Boot      Start         End      Blocks   Id  System\n/dev/nvme0n1p1   *        2048     2099199     1048576   83  Linux\n/dev/nvme0n1p2         2099200   468860927   233380864   8e  Linux LVM\n\nDisk /dev/mapper/cl-swap: 8388 MB, 8388608000 bytes, 16384000 sectors\nUnits = sectors of 1 * 512 = 512 bytes\nSector size (logical/physical): 512 bytes / 512 bytes\nI/O size (minimum/optimal): 512 bytes / 512 bytes\n\n\nDisk /dev/mapper/cl-home: 64.9 GB, 64877494272 bytes, 126713856 sectors\nUnits = sectors of 1 * 512 = 512 bytes\nSector size (logical/physical): 512 bytes / 512 bytes\nI/O size (minimum/optimal): 512 bytes / 512 bytes\n\n''SATA test PassM.2 test start The disk info is:  'b'\nDisk /dev/sda: 120.0 GB, 120034123776 bytes, 234441648 sectors\nUnits = sectors of 1 * 512 = 512 bytes\nSector size (logical/physical): 512 bytes / 512 bytes\nI/O size (minimum/optimal): 512 bytes / 512 bytes\n\n\nDisk /dev/sdb: 120.0 GB, 120034123776 bytes, 234441648 sectors\nUnits = sectors of 1 * 512 = 512 bytes\nSector size (logical/physical): 512 bytes / 512 bytes\nI/O size (minimum/optimal): 512 bytes / 512 bytes\nDisk label type: dos\nDisk identifier: 0x00093432\n\n   Device Boot      Start         End      Blocks   Id  System\n/dev/sdb1   *        2048     2099199     1048576   83  Linux\n/dev/sdb2         2099200   250068991   123984896   8e  Linux LVM\n\nDisk /dev/sdc: 512.1 GB, 512110190592 bytes, 1000215216 sectors\nUnits = sectors of 1 * 512 = 512 bytes\nSector size (logical/physical): 512 bytes / 512 bytes\nI/O size (minimum/optimal): 512 bytes / 512 bytes\n\n\nDisk /dev/sdd: 31.2 GB, 31205621760 bytes, 60948480 sectors\nUnits = sectors of 1 * 512 = 512 bytes\nSector size (logical/physical): 512 bytes / 512 bytes\nI/O size (minimum/optimal): 512 bytes / 512 bytes\nDisk label type: dos\nDisk identifier: 0x00000000\n\n   Device Boot      Start         End      Blocks   Id  System\n/dev/sdd1               1    30031249    15015624+  ee  GPT\n\nDisk /dev/mapper/centos-root: 12.5 GB, 12549357568 bytes, 24510464 sectors\nUnits = sectors of 1 * 512 = 512 bytes\nSector size (logical/physical): 512 bytes / 512 bytes\nI/O size (minimum/optimal): 512 bytes / 512 bytes\n\n\nDisk /dev/mapper/centos-swap: 1539 MB, 1539309568 bytes, 3006464 sectors\nUnits = sectors of 1 * 512 = 512 bytes\nSector size (logical/physical): 512 bytes / 512 bytes\nI/O size (minimum/optimal): 512 bytes / 512 bytes\n\n\nDisk /dev/nvme0n1: 1024.2 GB, 1024209543168 bytes, 2000409264 sectors\nUnits = sectors of 1 * 512 = 512 bytes\nSector size (logical/physical): 512 bytes / 512 bytes\nI/O size (minimum/optimal): 512 bytes / 512 bytes\nDisk label type: dos\nDisk identifier: 0x000c1abd\n\n        Device Boot      Start         End      Blocks   Id  System\n/dev/nvme0n1p1   *        2048     2099199     1048576   83  Linux\n/dev/nvme0n1p2         2099200   468860927   233380864   8e  Linux LVM\n\nDisk /dev/mapper/cl-swap: 8388 MB, 8388608000 bytes, 16384000 sectors\nUnits = sectors of 1 * 512 = 512 bytes\nSector size (logical/physical): 512 bytes / 512 bytes\nI/O size (minimum/optimal): 512 bytes / 512 bytes\n\n\nDisk /dev/mapper/cl-home: 64.9 GB, 64877494272 bytes, 126713856 sectors\nUnits = sectors of 1 * 512 = 512 bytes\nSector size (logical/physical): 512 bytes / 512 bytes\nI/O size (minimum/optimal): 512 bytes / 512 bytes\n\n''M.2 test Pass